Archive member included to satisfy reference by file (symbol)

d:/applications/gnu tools arm embedded/5.4 2016q2/bin/../lib/gcc/arm-none-eabi/5.4.1/../../../../arm-none-eabi/lib/armv7e-m/fpu\libc_nano.a(lib_a-exit.o)
                              d:/applications/gnu tools arm embedded/5.4 2016q2/bin/../lib/gcc/arm-none-eabi/5.4.1/../../../../arm-none-eabi/lib/armv7e-m/fpu/crt0.o (exit)
d:/applications/gnu tools arm embedded/5.4 2016q2/bin/../lib/gcc/arm-none-eabi/5.4.1/../../../../arm-none-eabi/lib/armv7e-m/fpu\libc_nano.a(lib_a-impure.o)
                              d:/applications/gnu tools arm embedded/5.4 2016q2/bin/../lib/gcc/arm-none-eabi/5.4.1/../../../../arm-none-eabi/lib/armv7e-m/fpu\libc_nano.a(lib_a-exit.o) (_global_impure_ptr)
d:/applications/gnu tools arm embedded/5.4 2016q2/bin/../lib/gcc/arm-none-eabi/5.4.1/../../../../arm-none-eabi/lib/armv7e-m/fpu\libc_nano.a(lib_a-init.o)
                              d:/applications/gnu tools arm embedded/5.4 2016q2/bin/../lib/gcc/arm-none-eabi/5.4.1/../../../../arm-none-eabi/lib/armv7e-m/fpu/crt0.o (__libc_init_array)
d:/applications/gnu tools arm embedded/5.4 2016q2/bin/../lib/gcc/arm-none-eabi/5.4.1/../../../../arm-none-eabi/lib/armv7e-m/fpu\libc_nano.a(lib_a-memset.o)
                              d:/applications/gnu tools arm embedded/5.4 2016q2/bin/../lib/gcc/arm-none-eabi/5.4.1/../../../../arm-none-eabi/lib/armv7e-m/fpu/crt0.o (memset)
d:/applications/gnu tools arm embedded/5.4 2016q2/bin/../lib/gcc/arm-none-eabi/5.4.1/../../../../arm-none-eabi/lib/armv7e-m/fpu\libnosys.a(_exit.o)
                              d:/applications/gnu tools arm embedded/5.4 2016q2/bin/../lib/gcc/arm-none-eabi/5.4.1/../../../../arm-none-eabi/lib/armv7e-m/fpu\libc_nano.a(lib_a-exit.o) (_exit)
d:/applications/gnu tools arm embedded/5.4 2016q2/bin/../lib/gcc/arm-none-eabi/5.4.1/../../../../arm-none-eabi/lib/armv7e-m/fpu\libc_nano.a(lib_a-ctype_.o)
                              _build/nrf52832_xxaa_nrf_log_backend_serial.c.o (__ctype_ptr__)
d:/applications/gnu tools arm embedded/5.4 2016q2/bin/../lib/gcc/arm-none-eabi/5.4.1/../../../../arm-none-eabi/lib/armv7e-m/fpu\libc_nano.a(lib_a-memcmp.o)
                              _build/nrf52832_xxaa_id_manager.c.o (memcmp)
d:/applications/gnu tools arm embedded/5.4 2016q2/bin/../lib/gcc/arm-none-eabi/5.4.1/../../../../arm-none-eabi/lib/armv7e-m/fpu\libc_nano.a(lib_a-memcpy-stub.o)
                              _build/nrf52832_xxaa_nrf_log_backend_serial.c.o (memcpy)
d:/applications/gnu tools arm embedded/5.4 2016q2/bin/../lib/gcc/arm-none-eabi/5.4.1/../../../../arm-none-eabi/lib/armv7e-m/fpu\libc_nano.a(lib_a-memmove.o)
                              _build/nrf52832_xxaa_ble_hrs.c.o (memmove)
d:/applications/gnu tools arm embedded/5.4 2016q2/bin/../lib/gcc/arm-none-eabi/5.4.1/../../../../arm-none-eabi/lib/armv7e-m/fpu\libc_nano.a(lib_a-snprintf.o)
                              _build/nrf52832_xxaa_nrf_log_backend_serial.c.o (snprintf)
d:/applications/gnu tools arm embedded/5.4 2016q2/bin/../lib/gcc/arm-none-eabi/5.4.1/../../../../arm-none-eabi/lib/armv7e-m/fpu\libc_nano.a(lib_a-strcpy.o)
                              _build/nrf52832_xxaa_SEGGER_RTT.c.o (strcpy)
d:/applications/gnu tools arm embedded/5.4 2016q2/bin/../lib/gcc/arm-none-eabi/5.4.1/../../../../arm-none-eabi/lib/armv7e-m/fpu\libc_nano.a(lib_a-strlen.o)
                              _build/nrf52832_xxaa_nrf_log_backend_serial.c.o (strlen)
d:/applications/gnu tools arm embedded/5.4 2016q2/bin/../lib/gcc/arm-none-eabi/5.4.1/../../../../arm-none-eabi/lib/armv7e-m/fpu\libc_nano.a(lib_a-nano-svfprintf.o)
                              d:/applications/gnu tools arm embedded/5.4 2016q2/bin/../lib/gcc/arm-none-eabi/5.4.1/../../../../arm-none-eabi/lib/armv7e-m/fpu\libc_nano.a(lib_a-snprintf.o) (_svfprintf_r)
d:/applications/gnu tools arm embedded/5.4 2016q2/bin/../lib/gcc/arm-none-eabi/5.4.1/../../../../arm-none-eabi/lib/armv7e-m/fpu\libc_nano.a(lib_a-nano-vfprintf_i.o)
                              d:/applications/gnu tools arm embedded/5.4 2016q2/bin/../lib/gcc/arm-none-eabi/5.4.1/../../../../arm-none-eabi/lib/armv7e-m/fpu\libc_nano.a(lib_a-nano-svfprintf.o) (_printf_i)
d:/applications/gnu tools arm embedded/5.4 2016q2/bin/../lib/gcc/arm-none-eabi/5.4.1/../../../../arm-none-eabi/lib/armv7e-m/fpu\libc_nano.a(lib_a-memchr.o)
                              d:/applications/gnu tools arm embedded/5.4 2016q2/bin/../lib/gcc/arm-none-eabi/5.4.1/../../../../arm-none-eabi/lib/armv7e-m/fpu\libc_nano.a(lib_a-nano-svfprintf.o) (memchr)
d:/applications/gnu tools arm embedded/5.4 2016q2/bin/../lib/gcc/arm-none-eabi/5.4.1/../../../../arm-none-eabi/lib/armv7e-m/fpu\libc_nano.a(lib_a-nano-freer.o)
                              d:/applications/gnu tools arm embedded/5.4 2016q2/bin/../lib/gcc/arm-none-eabi/5.4.1/../../../../arm-none-eabi/lib/armv7e-m/fpu\libc_nano.a(lib_a-nano-svfprintf.o) (_free_r)
[...]
Memory Configuration

Name             Origin             Length             Attributes
FLASH            0x0001f000         0x00061000         xr
RAM              0x20002c38         0x0000d3c8         xrw
*default*        0x00000000         0xffffffff

Linker script and memory map


.text           0x0001f000     0xc0a0
 *(.isr_vector)
 .isr_vector    0x0001f000      0x400 _build/nrf52832_xxaa_gcc_startup_nrf52.S.o
                0x0001f000                __isr_vector
 *(.text*)
 .text          0x0001f400       0x5c d:/applications/gnu tools arm embedded/5.4 2016q2/bin/../lib/gcc/arm-none-eabi/5.4.1/armv7e-m/fpu/crtbegin.o
 .text          0x0001f45c       0x74 d:/applications/gnu tools arm embedded/5.4 2016q2/bin/../lib/gcc/arm-none-eabi/5.4.1/../../../../arm-none-eabi/lib/armv7e-m/fpu/crt0.o
                0x0001f45c                _start
                0x0001f45c                _mainCRTStartup
 .text.exit     0x0001f4d0       0x28 d:/applications/gnu tools arm embedded/5.4 2016q2/bin/../lib/gcc/arm-none-eabi/5.4.1/../../../../arm-none-eabi/lib/armv7e-m/fpu\libc_nano.a(lib_a-exit.o)
                0x0001f4d0                exit
 .text.__libc_init_array
                0x0001f4f8       0x4c d:/applications/gnu tools arm embedded/5.4 2016q2/bin/../lib/gcc/arm-none-eabi/5.4.1/../../../../arm-none-eabi/lib/armv7e-m/fpu\libc_nano.a(lib_a-init.o)
                0x0001f4f8                __libc_init_array
 .text.memset   0x0001f544       0x10 d:/applications/gnu tools arm embedded/5.4 2016q2/bin/../lib/gcc/arm-none-eabi/5.4.1/../../../../arm-none-eabi/lib/armv7e-m/fpu\libc_nano.a(lib_a-memset.o)
                0x0001f544                memset
 .text._exit    0x0001f554        0x4 d:/applications/gnu tools arm embedded/5.4 2016q2/bin/../lib/gcc/arm-none-eabi/5.4.1/../../../../arm-none-eabi/lib/armv7e-m/fpu\libnosys.a(_exit.o)
                0x0001f554                _exit
 .text.uart_event_handler
                0x0001f558       0x10 _build/nrf52832_xxaa_nrf_log_backend_serial.c.o
 .text.nrf_log_backend_init
                0x0001f568       0x84 _build/nrf52832_xxaa_nrf_log_backend_serial.c.o
                0x0001f568                nrf_log_backend_init
 .text.nrf_log_blocking_backend_set
                0x0001f5ec        0x8 _build/nrf52832_xxaa_nrf_log_frontend.c.o
                0x0001f5ec                nrf_log_blocking_backend_set
 .text.nrf_log_frontend_std_0
                0x0001f5f4       0xb0 _build/nrf52832_xxaa_nrf_log_frontend.c.o
                0x0001f5f4                nrf_log_frontend_std_0
 .text.nrf_log_frontend_std_1
                0x0001f6a4       0xbc _build/nrf52832_xxaa_nrf_log_frontend.c.o
                0x0001f6a4                nrf_log_frontend_std_1
 .text.nrf_log_frontend_std_2
                0x0001f760       0xcc _build/nrf52832_xxaa_nrf_log_frontend.c.o
                0x0001f760                nrf_log_frontend_std_2
 .text.nrf_log_frontend_dequeue
                0x0001f82c      0x13c _build/nrf52832_xxaa_nrf_log_frontend.c.o
                0x0001f82c                nrf_log_frontend_dequeue
 .text.detection_delay_timeout_handler
                0x0001f968       0xa8 _build/nrf52832_xxaa_app_button.c.o
 .text.gpiote_event_handler
                0x0001fa10       0x5c _build/nrf52832_xxaa_app_button.c.o
 .text.app_button_init
                0x0001fa6c       0xb0 _build/nrf52832_xxaa_app_button.c.o
                0x0001fa6c                app_button_init
 .text.app_button_enable
                0x0001fb1c       0x2c _build/nrf52832_xxaa_app_button.c.o
                0x0001fb1c                app_button_enable
 .text.app_error_handler_bare
                0x0001fb48       0x20 _build/nrf52832_xxaa_app_error.c.o
                0x0001fb48                app_error_handler_bare
 .text.app_error_fault_handler
                0x0001fb68       0x4c _build/nrf52832_xxaa_app_error_weak.c.o
                0x0001fb68                app_error_fault_handler
 .text.RTC1_IRQHandler
                0x0001fbb4       0xc4 _build/nrf52832_xxaa_app_timer.c.o
                0x0001fbb4                RTC1_IRQHandler
 .text.SWI0_EGU0_IRQHandler
                0x0001fc78      0x654 _build/nrf52832_xxaa_app_timer.c.o
                0x0001fc78                SWI0_EGU0_IRQHandler
 .text.app_timer_init
                0x000202cc      0x1c0 _build/nrf52832_xxaa_app_timer.c.o
                0x000202cc                app_timer_init
 .text.app_timer_create
                0x0002048c       0x24 _build/nrf52832_xxaa_app_timer.c.o
                0x0002048c                app_timer_create
 .text.app_timer_start
                0x000204b0       0xb0 _build/nrf52832_xxaa_app_timer.c.o
                0x000204b0                app_timer_start
 .text.app_timer_stop
                0x00020560       0x7c _build/nrf52832_xxaa_app_timer.c.o
                0x00020560                app_timer_stop
 .text.app_util_critical_region_enter
                0x000205dc       0x50 _build/nrf52832_xxaa_app_util_platform.c.o
                0x000205dc                app_util_critical_region_enter
 .text.app_util_critical_region_exit
                0x0002062c       0x30 _build/nrf52832_xxaa_app_util_platform.c.o
                0x0002062c                app_util_critical_region_exit
 .text.gc_record_find_next
                0x0002065c       0xc0 _build/nrf52832_xxaa_fds.c.o
 .text.record_find_by_desc
                0x0002071c       0xd8 _build/nrf52832_xxaa_fds.c.o
 .text.record_find.part.3
                0x000207f4       0xc0 _build/nrf52832_xxaa_fds.c.o
 .text.queue_process
                0x000208b4      0x820 _build/nrf52832_xxaa_fds.c.o
 .text.fs_event_handler
                0x000210d4        0x8 _build/nrf52832_xxaa_fds.c.o
 .text.write_enqueue.part.7
                0x000210dc      0x1f4 _build/nrf52832_xxaa_fds.c.o
 .text.fds_record_open
                0x000212d0       0x48 _build/nrf52832_xxaa_fds.c.o
                0x000212d0                fds_record_open
 .text.fds_record_close
                0x00021318       0x48 _build/nrf52832_xxaa_fds.c.o
                0x00021318                fds_record_close
 .text.fds_reserve
                0x00021360       0x84 _build/nrf52832_xxaa_fds.c.o
                0x00021360                fds_reserve
 .text.fds_reserve_cancel
                0x000213e4       0x54 _build/nrf52832_xxaa_fds.c.o
                0x000213e4                fds_reserve_cancel
 .text.fds_record_write
                0x00021438       0x3c _build/nrf52832_xxaa_fds.c.o
                0x00021438                fds_record_write
 .text.fds_record_write_reserved
                0x00021474       0x3c _build/nrf52832_xxaa_fds.c.o
                0x00021474                fds_record_write_reserved
 .text.fds_record_update
                0x000214b0       0x40 _build/nrf52832_xxaa_fds.c.o
                0x000214b0                fds_record_update
 .text.fds_file_delete
                0x000214f0       0x78 _build/nrf52832_xxaa_fds.c.o
                0x000214f0                fds_file_delete
 .text.fds_record_find
                0x00021568       0x38 _build/nrf52832_xxaa_fds.c.o
                0x00021568                fds_record_find
 .text.fds_record_find_by_key
                0x000215a0       0x3c _build/nrf52832_xxaa_fds.c.o
                0x000215a0                fds_record_find_by_key
 .text.fds_record_find_in_file
                0x000215dc       0x3c _build/nrf52832_xxaa_fds.c.o
                0x000215dc                fds_record_find_in_file
 .text.fds_record_id_from_desc
                0x00021618       0x10 _build/nrf52832_xxaa_fds.c.o
                0x00021618                fds_record_id_from_desc
 .text.sd_flash_write
                0x00021628        0x4 _build/nrf52832_xxaa_fstorage.c.o
 .text.sd_flash_page_erase
                0x0002162c        0x4 _build/nrf52832_xxaa_fstorage.c.o
 .text.unlikely.queue_get_next_free
                0x00021630       0x38 _build/nrf52832_xxaa_fstorage.c.o
 .text.queue_process
                0x00021668       0xcc _build/nrf52832_xxaa_fstorage.c.o
 .text.fs_store
                0x00021734       0xb0 _build/nrf52832_xxaa_fstorage.c.o
                0x00021734                fs_store
 .text.fs_erase
                0x000217e4       0xa4 _build/nrf52832_xxaa_fstorage.c.o
                0x000217e4                fs_erase
 .text.fs_queued_op_count_get
                0x00021888       0x14 _build/nrf52832_xxaa_fstorage.c.o
                0x00021888                fs_queued_op_count_get
 .text.fs_sys_event_handler
                0x0002189c      0x2bc _build/nrf52832_xxaa_fstorage.c.o
                0x0002189c                fs_sys_event_handler
 .text.sdk_mapped_flags_first_key_index_get
                0x00021b58       0x48 _build/nrf52832_xxaa_sdk_mapped_flags.c.o
                0x00021b58                sdk_mapped_flags_first_key_index_get
 .text.sdk_mapped_flags_update_by_key
                0x00021ba0       0x7c _build/nrf52832_xxaa_sdk_mapped_flags.c.o
                0x00021ba0                sdk_mapped_flags_update_by_key
 .text.sdk_mapped_flags_bulk_update_by_key
                0x00021c1c      0x210 _build/nrf52832_xxaa_sdk_mapped_flags.c.o
                0x00021c1c                sdk_mapped_flags_bulk_update_by_key
 .text.sdk_mapped_flags_get_by_key
                0x00021e2c       0x60 _build/nrf52832_xxaa_sdk_mapped_flags.c.o
                0x00021e2c                sdk_mapped_flags_get_by_key
 .text.sdk_mapped_flags_key_list_get
                0x00021e8c       0x80 _build/nrf52832_xxaa_sdk_mapped_flags.c.o
                0x00021e8c                sdk_mapped_flags_key_list_get
 .text.bsp_board_led_state_get
                0x00021f0c       0x20 _build/nrf52832_xxaa_boards.c.o
                0x00021f0c                bsp_board_led_state_get
 .text.bsp_board_led_on
                0x00021f2c       0x18 _build/nrf52832_xxaa_boards.c.o
                0x00021f2c                bsp_board_led_on
 .text.bsp_board_led_off
                0x00021f44       0x18 _build/nrf52832_xxaa_boards.c.o
                0x00021f44                bsp_board_led_off
 .text.bsp_board_leds_off
                0x00021f5c       0x2c _build/nrf52832_xxaa_boards.c.o
                0x00021f5c                bsp_board_leds_off
 .text.bsp_board_leds_on
                0x00021f88       0x2c _build/nrf52832_xxaa_boards.c.o
                0x00021f88                bsp_board_leds_on
 .text.bsp_board_led_invert
                0x00021fb4       0x28 _build/nrf52832_xxaa_boards.c.o
                0x00021fb4                bsp_board_led_invert
 .text.bsp_board_leds_init
                0x00021fdc       0x3c _build/nrf52832_xxaa_boards.c.o
                0x00021fdc                bsp_board_leds_init
 .text.bsp_board_button_state_get
                0x00022018       0x20 _build/nrf52832_xxaa_boards.c.o
                0x00022018                bsp_board_button_state_get
 .text.bsp_board_pin_to_button_idx
                0x00022038       0x24 _build/nrf52832_xxaa_boards.c.o
                0x00022038                bsp_board_pin_to_button_idx
 .text.bsp_board_button_idx_to_pin
                0x0002205c        0xc _build/nrf52832_xxaa_boards.c.o
                0x0002205c                bsp_board_button_idx_to_pin
 .text.POWER_CLOCK_IRQHandler
                0x00022068       0x78 _build/nrf52832_xxaa_nrf_drv_clock.c.o
                0x00022068                POWER_CLOCK_IRQHandler
 .text.nrf_drv_clock_on_soc_event
                0x000220e0       0x20 _build/nrf52832_xxaa_nrf_drv_clock.c.o
                0x000220e0                nrf_drv_clock_on_soc_event
 .text.nrf_drv_clock_on_sd_enable
                0x00022100       0x64 _build/nrf52832_xxaa_nrf_drv_clock.c.o
                0x00022100                nrf_drv_clock_on_sd_enable
 .text.nrf_drv_common_irq_enable
                0x00022164       0x50 _build/nrf52832_xxaa_nrf_drv_common.c.o
                0x00022164                nrf_drv_common_irq_enable
 .text.nrf_drv_gpiote_init
                0x000221b4       0x84 _build/nrf52832_xxaa_nrf_drv_gpiote.c.o
                0x000221b4                nrf_drv_gpiote_init
 .text.nrf_drv_gpiote_is_init
                0x00022238       0x14 _build/nrf52832_xxaa_nrf_drv_gpiote.c.o
                0x00022238                nrf_drv_gpiote_is_init
 .text.nrf_drv_gpiote_out_init
                0x0002224c       0xf0 _build/nrf52832_xxaa_nrf_drv_gpiote.c.o
                0x0002224c                nrf_drv_gpiote_out_init
 .text.nrf_drv_gpiote_out_set
                0x0002233c       0x10 _build/nrf52832_xxaa_nrf_drv_gpiote.c.o
                0x0002233c                nrf_drv_gpiote_out_set
 .text.nrf_drv_gpiote_out_clear
                0x0002234c       0x10 _build/nrf52832_xxaa_nrf_drv_gpiote.c.o
                0x0002234c                nrf_drv_gpiote_out_clear
 .text.nrf_drv_gpiote_in_init
                0x0002235c      0x190 _build/nrf52832_xxaa_nrf_drv_gpiote.c.o
                0x0002235c                nrf_drv_gpiote_in_init
 .text.nrf_drv_gpiote_in_event_enable
                0x000224ec       0xc4 _build/nrf52832_xxaa_nrf_drv_gpiote.c.o
                0x000224ec                nrf_drv_gpiote_in_event_enable
 .text.nrf_drv_gpiote_in_is_set
                0x000225b0       0x14 _build/nrf52832_xxaa_nrf_drv_gpiote.c.o
                0x000225b0                nrf_drv_gpiote_in_is_set
 .text.GPIOTE_IRQHandler
                0x000225c4      0x4f4 _build/nrf52832_xxaa_nrf_drv_gpiote.c.o
                0x000225c4                GPIOTE_IRQHandler
 .text.nrf_drv_uart_init
                0x00022ab8      0x1dc _build/nrf52832_xxaa_nrf_drv_uart.c.o
                0x00022ab8                nrf_drv_uart_init
 .text.nrf_drv_uart_uninit
                0x00022c94      0x10c _build/nrf52832_xxaa_nrf_drv_uart.c.o
                0x00022c94                nrf_drv_uart_uninit
 .text.UARTE0_UART0_IRQHandler
                0x00022da0      0x2fc _build/nrf52832_xxaa_nrf_drv_uart.c.o
                0x00022da0                UARTE0_UART0_IRQHandler
 .text.alert_timer_handler
                0x0002309c        0x8 _build/nrf52832_xxaa_bsp.c.o
 .text.bsp_button_event_handler
                0x000230a4       0xb0 _build/nrf52832_xxaa_bsp.c.o
 .text.leds_timer_handler
                0x00023154      0x21c _build/nrf52832_xxaa_bsp.c.o
 .text.button_timer_handler
                0x00023370       0x30 _build/nrf52832_xxaa_bsp.c.o
 .text.bsp_button_is_pressed
                0x000233a0        0x4 _build/nrf52832_xxaa_bsp.c.o
                0x000233a0                bsp_button_is_pressed
 .text.bsp_init
                0x000233a4       0xb4 _build/nrf52832_xxaa_bsp.c.o
                0x000233a4                bsp_init
 .text.bsp_event_to_button_action_assign
                0x00023458       0x50 _build/nrf52832_xxaa_bsp.c.o
                0x00023458                bsp_event_to_button_action_assign
 .text.bsp_wakeup_button_enable
                0x000234a8       0x28 _build/nrf52832_xxaa_bsp.c.o
                0x000234a8                bsp_wakeup_button_enable
 .text.bsp_btn_ble_sleep_mode_prepare
                0x000234d0       0x24 _build/nrf52832_xxaa_bsp_btn_ble.c.o
                0x000234d0                bsp_btn_ble_sleep_mode_prepare
 .text.bsp_btn_ble_on_ble_evt
                0x000234f4       0xb0 _build/nrf52832_xxaa_bsp_btn_ble.c.o
                0x000234f4                bsp_btn_ble_on_ble_evt
 .text.bsp_btn_ble_init
                0x000235a4       0x70 _build/nrf52832_xxaa_bsp_btn_ble.c.o
                0x000235a4                bsp_btn_ble_init
 .text.sd_ble_gap_disconnect
                0x00023614        0x4 _build/nrf52832_xxaa_main.c.o
 .text.sd_ble_gap_ppcp_set
                0x00023618        0x4 _build/nrf52832_xxaa_main.c.o
 .text.sd_ble_gap_device_name_set
                0x0002361c        0x4 _build/nrf52832_xxaa_main.c.o
 .text.sd_ble_gatts_rw_authorize_reply
                0x00023620        0x4 _build/nrf52832_xxaa_main.c.o
 .text.sd_ble_user_mem_reply
                0x00023624        0x4 _build/nrf52832_xxaa_main.c.o
 .text.sd_power_system_off
                0x00023628        0x4 _build/nrf52832_xxaa_main.c.o
 .text.sd_app_evt_wait
                0x0002362c        0x4 _build/nrf52832_xxaa_main.c.o
 .text.on_conn_params_evt
                0x00023630        0x4 _build/nrf52832_xxaa_main.c.o
 .text.timer_handler
                0x00023634        0x4 _build/nrf52832_xxaa_main.c.o
                0x00023634                timer_handler
 .text.conn_params_error_handler
                0x00023638        0x4 _build/nrf52832_xxaa_main.c.o
 .text.gatt_evt_handler
                0x0002363c        0xc _build/nrf52832_xxaa_main.c.o
                0x0002363c                gatt_evt_handler
 .text.sys_evt_dispatch
                0x00023648       0x14 _build/nrf52832_xxaa_main.c.o
 .text.led_write_handler
                0x0002365c       0x44 _build/nrf52832_xxaa_main.c.o
                0x0002365c                led_write_handler
 .text.saadc_callback
                0x000236a0      0x140 _build/nrf52832_xxaa_main.c.o
                0x000236a0                saadc_callback
 .text.bsp_event_handler
                0x000237e0       0x68 _build/nrf52832_xxaa_main.c.o
                0x000237e0                bsp_event_handler
 .text.on_adv_evt
                0x00023848       0x30 _build/nrf52832_xxaa_main.c.o
 .text.advertising_start
                0x00023878       0x14 _build/nrf52832_xxaa_main.c.o
                0x00023878                advertising_start
 .text.saadc_init
                0x0002388c      0x12c _build/nrf52832_xxaa_main.c.o
                0x0002388c                saadc_init
 .text.ble_evt_dispatch
                0x000239b8      0x12c _build/nrf52832_xxaa_main.c.o
 .text.gatt_init
                0x00023ae4       0x20 _build/nrf52832_xxaa_main.c.o
                0x00023ae4                gatt_init
 .text.saadc_sampling_event_init
                0x00023b04       0x94 _build/nrf52832_xxaa_main.c.o
                0x00023b04                saadc_sampling_event_init
 .text.startup.main
                0x00023b98      0x310 _build/nrf52832_xxaa_main.c.o
                0x00023b98                main
 .text.sd_ble_gatts_service_add
                0x00023ea8        0x4 _build/nrf52832_xxaa_ble_lbs.c.o
 .text.sd_ble_gatts_characteristic_add
                0x00023eac        0x4 _build/nrf52832_xxaa_ble_lbs.c.o
 .text.sd_ble_uuid_vs_add
                0x00023eb0        0x4 _build/nrf52832_xxaa_ble_lbs.c.o
 .text.ble_lbs_on_ble_evt
                0x00023eb4       0x44 _build/nrf52832_xxaa_ble_lbs.c.o
                0x00023eb4                ble_lbs_on_ble_evt
 .text.ble_lbs_init
                0x00023ef8      0x1d8 _build/nrf52832_xxaa_ble_lbs.c.o
                0x00023ef8                ble_lbs_init
 .text.SEGGER_RTT_Init
                0x000240d0       0x60 _build/nrf52832_xxaa_SEGGER_RTT.c.o
                0x000240d0                SEGGER_RTT_Init
 .text.sd_ble_gap_addr_get
                0x00024130        0x4 _build/nrf52832_xxaa_ble_advdata.c.o
 .text.sd_ble_gap_adv_data_set
                0x00024134        0x4 _build/nrf52832_xxaa_ble_advdata.c.o
 .text.sd_ble_gap_appearance_get
                0x00024138        0x4 _build/nrf52832_xxaa_ble_advdata.c.o
 .text.sd_ble_gap_device_name_get
                0x0002413c        0x4 _build/nrf52832_xxaa_ble_advdata.c.o
 .text.sd_ble_uuid_encode
                0x00024140        0x4 _build/nrf52832_xxaa_ble_advdata.c.o
 .text.uuid_list_sized_encode
                0x00024144       0xb8 _build/nrf52832_xxaa_ble_advdata.c.o
 .text.adv_data_encode
                0x000241fc      0x3f8 _build/nrf52832_xxaa_ble_advdata.c.o
                0x000241fc                adv_data_encode
 .text.ble_advdata_set
                0x000245f4      0x4dc _build/nrf52832_xxaa_ble_advdata.c.o
                0x000245f4                ble_advdata_set
 .text.sd_ble_gap_adv_start
                0x00024ad0        0x4 _build/nrf52832_xxaa_ble_advertising.c.o
 .text.sd_ble_gap_adv_stop
                0x00024ad4        0x4 _build/nrf52832_xxaa_ble_advertising.c.o
 .text.ble_advertising_start.part.1
                0x00024ad8      0x23c _build/nrf52832_xxaa_ble_advertising.c.o
 .text.ble_advertising_init
                0x00024d14      0x178 _build/nrf52832_xxaa_ble_advertising.c.o
                0x00024d14                ble_advertising_init
 .text.ble_advertising_start
                0x00024e8c       0x40 _build/nrf52832_xxaa_ble_advertising.c.o
                0x00024e8c                ble_advertising_start
 .text.ble_advertising_on_ble_evt
                0x00024ecc       0xc0 _build/nrf52832_xxaa_ble_advertising.c.o
                0x00024ecc                ble_advertising_on_ble_evt
 .text.ble_advertising_on_sys_evt
                0x00024f8c       0x60 _build/nrf52832_xxaa_ble_advertising.c.o
                0x00024f8c                ble_advertising_on_sys_evt
 .text.ble_advertising_restart_without_whitelist
                0x00024fec       0x80 _build/nrf52832_xxaa_ble_advertising.c.o
                0x00024fec                ble_advertising_restart_without_whitelist
 .text.sd_ble_gap_conn_param_update
                0x0002506c        0x4 _build/nrf52832_xxaa_ble_conn_params.c.o
 .text.sd_ble_gap_disconnect
                0x00025070        0x4 _build/nrf52832_xxaa_ble_conn_params.c.o
 .text.sd_ble_gap_ppcp_set
                0x00025074        0x4 _build/nrf52832_xxaa_ble_conn_params.c.o
 .text.sd_ble_gap_ppcp_get
                0x00025078        0x4 _build/nrf52832_xxaa_ble_conn_params.c.o
 .text.update_timeout_handler
                0x0002507c       0x74 _build/nrf52832_xxaa_ble_conn_params.c.o
 .text.conn_params_negotiation
                0x000250f0       0x94 _build/nrf52832_xxaa_ble_conn_params.c.o
 .text.ble_conn_params_init
                0x00025184       0x74 _build/nrf52832_xxaa_ble_conn_params.c.o
                0x00025184                ble_conn_params_init
 .text.ble_conn_params_on_ble_evt
                0x000251f8       0xb8 _build/nrf52832_xxaa_ble_conn_params.c.o
                0x000251f8                ble_conn_params_on_ble_evt
 .text.ble_conn_state_on_ble_evt
                0x000252b0      0x114 _build/nrf52832_xxaa_ble_conn_state.c.o
                0x000252b0                ble_conn_state_on_ble_evt
 .text.ble_conn_state_role
                0x000253c4       0x2c _build/nrf52832_xxaa_ble_conn_state.c.o
                0x000253c4                ble_conn_state_role
 .text.ble_conn_state_encrypted
                0x000253f0       0x10 _build/nrf52832_xxaa_ble_conn_state.c.o
                0x000253f0                ble_conn_state_encrypted
 .text.ble_conn_state_mitm_protected
                0x00025400       0x10 _build/nrf52832_xxaa_ble_conn_state.c.o
                0x00025400                ble_conn_state_mitm_protected
 .text.ble_conn_state_conn_handles
                0x00025410       0x18 _build/nrf52832_xxaa_ble_conn_state.c.o
                0x00025410                ble_conn_state_conn_handles
 .text.ble_conn_state_user_flag_get
                0x00025428       0x28 _build/nrf52832_xxaa_ble_conn_state.c.o
                0x00025428                ble_conn_state_user_flag_get
 .text.ble_conn_state_user_flag_set
                0x00025450       0x28 _build/nrf52832_xxaa_ble_conn_state.c.o
                0x00025450                ble_conn_state_user_flag_set
 .text.ble_conn_state_user_flag_collection
                0x00025478       0x18 _build/nrf52832_xxaa_ble_conn_state.c.o
                0x00025478                ble_conn_state_user_flag_collection
 .text.ble_srv_is_notification_enabled
                0x00025490        0x8 _build/nrf52832_xxaa_ble_srv_common.c.o
                0x00025490                ble_srv_is_notification_enabled
 .text.ble_srv_ascii_to_utf8
                0x00025498       0x14 _build/nrf52832_xxaa_ble_srv_common.c.o
                0x00025498                ble_srv_ascii_to_utf8
 .text.local_db_update_in_evt
                0x000254ac       0x9c _build/nrf52832_xxaa_gatt_cache_manager.c.o
 .text.local_db_apply_in_evt.part.1
                0x00025548       0x94 _build/nrf52832_xxaa_gatt_cache_manager.c.o
 .text.service_changed_pending_flags_check.part.2
                0x000255dc      0x10c _build/nrf52832_xxaa_gatt_cache_manager.c.o
 .text.gcm_gscm_evt_handler
                0x000256e8       0x80 _build/nrf52832_xxaa_gatt_cache_manager.c.o
                0x000256e8                gcm_gscm_evt_handler
 .text.gcm_im_evt_handler
                0x00025768       0xa8 _build/nrf52832_xxaa_gatt_cache_manager.c.o
                0x00025768                gcm_im_evt_handler
 .text.gcm_smd_evt_handler
                0x00025810       0xb0 _build/nrf52832_xxaa_gatt_cache_manager.c.o
                0x00025810                gcm_smd_evt_handler
 .text.gcm_ble_evt_handler
                0x000258c0      0x128 _build/nrf52832_xxaa_gatt_cache_manager.c.o
                0x000258c0                gcm_ble_evt_handler
 .text.sd_ble_gatts_service_changed
                0x000259e8        0x4 _build/nrf52832_xxaa_gatts_cache_manager.c.o
 .text.sd_ble_gatts_sys_attr_set
                0x000259ec        0x4 _build/nrf52832_xxaa_gatts_cache_manager.c.o
 .text.sd_ble_gatts_sys_attr_get
                0x000259f0        0x4 _build/nrf52832_xxaa_gatts_cache_manager.c.o
 .text.gscm_pdb_evt_handler
                0x000259f4       0x88 _build/nrf52832_xxaa_gatts_cache_manager.c.o
                0x000259f4                gscm_pdb_evt_handler
 .text.gscm_local_db_cache_update
                0x00025a7c       0x90 _build/nrf52832_xxaa_gatts_cache_manager.c.o
                0x00025a7c                gscm_local_db_cache_update
 .text.gscm_local_db_cache_apply
                0x00025b0c       0x84 _build/nrf52832_xxaa_gatts_cache_manager.c.o
                0x00025b0c                gscm_local_db_cache_apply
 .text.gscm_service_changed_ind_needed
                0x00025b90       0x24 _build/nrf52832_xxaa_gatts_cache_manager.c.o
                0x00025b90                gscm_service_changed_ind_needed
 .text.gscm_service_changed_ind_send
                0x00025bb4       0x2c _build/nrf52832_xxaa_gatts_cache_manager.c.o
                0x00025bb4                gscm_service_changed_ind_send
 .text.gscm_db_change_notification_done
                0x00025be0       0x24 _build/nrf52832_xxaa_gatts_cache_manager.c.o
                0x00025be0                gscm_db_change_notification_done
 .text.sd_ecb_block_encrypt
                0x00025c04        0x4 _build/nrf52832_xxaa_id_manager.c.o
 .text.im_ble_evt_handler
                0x00025c08      0x2e8 _build/nrf52832_xxaa_id_manager.c.o
                0x00025c08                im_ble_evt_handler
 .text.im_pdb_evt_handler
                0x00025ef0      0x150 _build/nrf52832_xxaa_id_manager.c.o
                0x00025ef0                im_pdb_evt_handler
 .text.im_peer_id_get_by_conn_handle
                0x00026040       0x7c _build/nrf52832_xxaa_id_manager.c.o
                0x00026040                im_peer_id_get_by_conn_handle
 .text.im_ble_addr_get
                0x000260bc       0x90 _build/nrf52832_xxaa_id_manager.c.o
                0x000260bc                im_ble_addr_get
 .text.im_master_ids_compare
                0x0002614c       0x48 _build/nrf52832_xxaa_id_manager.c.o
                0x0002614c                im_master_ids_compare
 .text.im_peer_id_get_by_master_id
                0x00026194       0xe0 _build/nrf52832_xxaa_id_manager.c.o
                0x00026194                im_peer_id_get_by_master_id
 .text.im_conn_handle_get
                0x00026274       0x6c _build/nrf52832_xxaa_id_manager.c.o
                0x00026274                im_conn_handle_get
 .text.im_master_id_is_valid
                0x000262e0       0x30 _build/nrf52832_xxaa_id_manager.c.o
                0x000262e0                im_master_id_is_valid
 .text.im_new_peer_id
                0x00026310       0x7c _build/nrf52832_xxaa_id_manager.c.o
                0x00026310                im_new_peer_id
 .text.im_peer_free
                0x0002638c       0xfc _build/nrf52832_xxaa_id_manager.c.o
                0x0002638c                im_peer_free
 .text.sd_ble_gattc_exchange_mtu_request
                0x00026488        0x4 _build/nrf52832_xxaa_nrf_ble_gatt.c.o
 .text.sd_ble_gatts_exchange_mtu_reply
                0x0002648c        0x4 _build/nrf52832_xxaa_nrf_ble_gatt.c.o
 .text.nrf_ble_gatt_init
                0x00026490       0x24 _build/nrf52832_xxaa_nrf_ble_gatt.c.o
                0x00026490                nrf_ble_gatt_init
 .text.nrf_ble_gatt_on_ble_evt
                0x000264b4      0x114 _build/nrf52832_xxaa_nrf_ble_gatt.c.o
                0x000264b4                nrf_ble_gatt_on_ble_evt
 .text.peer_data_delete
                0x000265c8       0x90 _build/nrf52832_xxaa_peer_data_storage.c.o
 .text.pds_peer_data_read
                0x00026658       0x84 _build/nrf52832_xxaa_peer_data_storage.c.o
                0x00026658                pds_peer_data_read
 .text.pds_peer_data_iterate_prepare
                0x000266dc       0x10 _build/nrf52832_xxaa_peer_data_storage.c.o
                0x000266dc                pds_peer_data_iterate_prepare
 .text.pds_peer_data_iterate
                0x000266ec       0x50 _build/nrf52832_xxaa_peer_data_storage.c.o
                0x000266ec                pds_peer_data_iterate
 .text.pds_space_reserve
                0x0002673c       0x34 _build/nrf52832_xxaa_peer_data_storage.c.o
                0x0002673c                pds_space_reserve
 .text.pds_space_reserve_cancel
                0x00026770       0x20 _build/nrf52832_xxaa_peer_data_storage.c.o
                0x00026770                pds_space_reserve_cancel
 .text.pds_peer_data_store
                0x00026790       0xbc _build/nrf52832_xxaa_peer_data_storage.c.o
                0x00026790                pds_peer_data_store
 .text.pds_peer_id_allocate
                0x0002684c        0x8 _build/nrf52832_xxaa_peer_data_storage.c.o
                0x0002684c                pds_peer_id_allocate
 .text.pds_peer_id_free
                0x00026854       0x18 _build/nrf52832_xxaa_peer_data_storage.c.o
                0x00026854                pds_peer_id_free
 .text.pds_peer_id_is_allocated
                0x0002686c        0x4 _build/nrf52832_xxaa_peer_data_storage.c.o
                0x0002686c                pds_peer_id_is_allocated
 .text.pds_next_peer_id_get
                0x00026870        0x4 _build/nrf52832_xxaa_peer_data_storage.c.o
                0x00026870                pds_next_peer_id_get
 .text.pds_next_deleted_peer_id_get
                0x00026874        0x4 _build/nrf52832_xxaa_peer_data_storage.c.o
                0x00026874                pds_next_deleted_peer_id_get
 .text.pdb_write_buf_store.part.2
                0x00026878      0x31c _build/nrf52832_xxaa_peer_database.c.o
 .text.pdb_pds_evt_handler
                0x00026b94      0x500 _build/nrf52832_xxaa_peer_database.c.o
                0x00026b94                pdb_pds_evt_handler
 .text.pdb_peer_allocate
                0x00027094        0x4 _build/nrf52832_xxaa_peer_database.c.o
                0x00027094                pdb_peer_allocate
 .text.pdb_peer_free
                0x00027098      0x3f4 _build/nrf52832_xxaa_peer_database.c.o
                0x00027098                pdb_peer_free
 .text.pdb_peer_data_ptr_get
                0x0002748c        0x8 _build/nrf52832_xxaa_peer_database.c.o
                0x0002748c                pdb_peer_data_ptr_get
 .text.pdb_write_buf_get
                0x00027494      0x540 _build/nrf52832_xxaa_peer_database.c.o
                0x00027494                pdb_write_buf_get
 .text.pdb_write_buf_release
                0x000279d4      0x284 _build/nrf52832_xxaa_peer_database.c.o
                0x000279d4                pdb_write_buf_release
 .text.pdb_write_buf_store_prepare
                0x00027c58      0x288 _build/nrf52832_xxaa_peer_database.c.o
                0x00027c58                pdb_write_buf_store_prepare
 .text.pdb_write_buf_store
                0x00027ee0       0x10 _build/nrf52832_xxaa_peer_database.c.o
                0x00027ee0                pdb_write_buf_store
 .text.pdb_next_peer_id_get
                0x00027ef0        0x4 _build/nrf52832_xxaa_peer_database.c.o
                0x00027ef0                pdb_next_peer_id_get
 .text.pdb_next_deleted_peer_id_get
                0x00027ef4        0x4 _build/nrf52832_xxaa_peer_database.c.o
                0x00027ef4                pdb_next_deleted_peer_id_get
 .text.pdb_raw_store
                0x00027ef8        0x8 _build/nrf52832_xxaa_peer_database.c.o
                0x00027ef8                pdb_raw_store
 .text.peer_id_allocate
                0x00027f00       0x40 _build/nrf52832_xxaa_peer_id.c.o
                0x00027f00                peer_id_allocate
 .text.peer_id_delete
                0x00027f40       0x28 _build/nrf52832_xxaa_peer_id.c.o
                0x00027f40                peer_id_delete
 .text.peer_id_free
                0x00027f68       0x28 _build/nrf52832_xxaa_peer_id.c.o
                0x00027f68                peer_id_free
 .text.peer_id_is_allocated
                0x00027f90       0x14 _build/nrf52832_xxaa_peer_id.c.o
                0x00027f90                peer_id_is_allocated
 .text.peer_id_get_next_used
                0x00027fa4       0x68 _build/nrf52832_xxaa_peer_id.c.o
                0x00027fa4                peer_id_get_next_used
 .text.peer_id_get_next_deleted
                0x0002800c       0x3c _build/nrf52832_xxaa_peer_id.c.o
                0x0002800c                peer_id_get_next_deleted
 .text.pm_pdb_evt_handler
                0x00028048      0x228 _build/nrf52832_xxaa_peer_manager.c.o
                0x00028048                pm_pdb_evt_handler
 .text.pm_sm_evt_handler
                0x00028270      0x1bc _build/nrf52832_xxaa_peer_manager.c.o
                0x00028270                pm_sm_evt_handler
 .text.pm_gcm_evt_handler
                0x0002842c       0xb8 _build/nrf52832_xxaa_peer_manager.c.o
                0x0002842c                pm_gcm_evt_handler
 .text.pm_im_evt_handler
                0x000284e4       0x74 _build/nrf52832_xxaa_peer_manager.c.o
                0x000284e4                pm_im_evt_handler
 .text.pm_on_ble_evt
                0x00028558       0x24 _build/nrf52832_xxaa_peer_manager.c.o
                0x00028558                pm_on_ble_evt
 .text.pm_buffer_block_acquire
                0x0002857c       0x98 _build/nrf52832_xxaa_pm_buffer.c.o
                0x0002857c                pm_buffer_block_acquire
 .text.pm_buffer_ptr_get
                0x00028614       0x30 _build/nrf52832_xxaa_pm_buffer.c.o
                0x00028614                pm_buffer_ptr_get
 .text.pm_buffer_release
                0x00028644       0x30 _build/nrf52832_xxaa_pm_buffer.c.o
                0x00028644                pm_buffer_release
 .text.pm_mutex_lock
                0x00028674       0x54 _build/nrf52832_xxaa_pm_mutex.c.o
                0x00028674                pm_mutex_lock
 .text.pm_mutex_unlock
                0x000286c8       0x40 _build/nrf52832_xxaa_pm_mutex.c.o
                0x000286c8                pm_mutex_unlock
 .text.pm_mutex_lock_first_available
                0x00028708       0x74 _build/nrf52832_xxaa_pm_mutex.c.o
                0x00028708                pm_mutex_lock_first_available
 .text.pm_mutex_lock_status_get
                0x0002877c       0x20 _build/nrf52832_xxaa_pm_mutex.c.o
                0x0002877c                pm_mutex_lock_status_get
 .text.sd_ble_gap_authenticate
                0x0002879c        0x4 _build/nrf52832_xxaa_security_dispatcher.c.o
 .text.sd_ble_gap_sec_params_reply
                0x000287a0        0x4 _build/nrf52832_xxaa_security_dispatcher.c.o
 .text.sd_ble_gap_encrypt
                0x000287a4        0x4 _build/nrf52832_xxaa_security_dispatcher.c.o
 .text.sd_ble_gap_sec_info_reply
                0x000287a8        0x4 _build/nrf52832_xxaa_security_dispatcher.c.o
 .text.pairing_failure
                0x000287ac       0x80 _build/nrf52832_xxaa_security_dispatcher.c.o
 .text.smd_pdb_evt_handler
                0x0002882c       0x3c _build/nrf52832_xxaa_security_dispatcher.c.o
                0x0002882c                smd_pdb_evt_handler
 .text.smd_params_reply
                0x00028868      0x1d0 _build/nrf52832_xxaa_security_dispatcher.c.o
                0x00028868                smd_params_reply
 .text.smd_link_secure
                0x00028a38      0x254 _build/nrf52832_xxaa_security_dispatcher.c.o
                0x00028a38                smd_link_secure
 .text.smd_ble_evt_handler
                0x00028c8c      0x3b8 _build/nrf52832_xxaa_security_dispatcher.c.o
                0x00028c8c                smd_ble_evt_handler
 .text.link_secure.part.1
                0x00029044      0x148 _build/nrf52832_xxaa_security_manager.c.o
 .text.smd_params_reply_perform
                0x0002918c      0x178 _build/nrf52832_xxaa_security_manager.c.o
 .text.sm_smd_evt_handler
                0x00029304       0x80 _build/nrf52832_xxaa_security_manager.c.o
                0x00029304                sm_smd_evt_handler
 .text.sm_pdb_evt_handler
                0x00029384      0x1a4 _build/nrf52832_xxaa_security_manager.c.o
                0x00029384                sm_pdb_evt_handler
 .text.sm_ble_evt_handler
                0x00029528       0x90 _build/nrf52832_xxaa_security_manager.c.o
                0x00029528                sm_ble_evt_handler
 .text          0x000295b8       0x3c _build/nrf52832_xxaa_gcc_startup_nrf52.S.o
                0x000295b8                Reset_Handler
                0x000295e0                NMI_Handler
                0x000295e2                HardFault_Handler
                0x000295e4                MemoryManagement_Handler
                0x000295e6                BusFault_Handler
                0x000295e8                UsageFault_Handler
                0x000295ea                SVC_Handler
                0x000295ec                DebugMon_Handler
                0x000295ee                PendSV_Handler
                0x000295f0                SysTick_Handler
                0x000295f2                TEMP_IRQHandler
                0x000295f2                QDEC_IRQHandler
                0x000295f2                FPU_IRQHandler
                0x000295f2                SPIM0_SPIS0_TWIM0_TWIS0_SPI0_TWI0_IRQHandler
                0x000295f2                PDM_IRQHandler
                0x000295f2                TIMER4_IRQHandler
                0x000295f2                I2S_IRQHandler
                0x000295f2                SWI4_EGU4_IRQHandler
                0x000295f2                TIMER0_IRQHandler
                0x000295f2                RADIO_IRQHandler
                0x000295f2                RTC0_IRQHandler
                0x000295f2                PWM2_IRQHandler
                0x000295f2                ECB_IRQHandler
                0x000295f2                SPIM1_SPIS1_TWIM1_TWIS1_SPI1_TWI1_IRQHandler
                0x000295f2                Default_Handler
                0x000295f2                CCM_AAR_IRQHandler
                0x000295f2                WDT_IRQHandler
                0x000295f2                PWM1_IRQHandler
                0x000295f2                SWI5_EGU5_IRQHandler
                0x000295f2                RNG_IRQHandler
                0x000295f2                RTC2_IRQHandler
                0x000295f2                PWM0_IRQHandler
                0x000295f2                SWI3_EGU3_IRQHandler
                0x000295f2                SWI1_EGU1_IRQHandler
                0x000295f2                SPIM2_SPIS2_SPI2_IRQHandler
                0x000295f2                NFCT_IRQHandler
                0x000295f2                TIMER1_IRQHandler
                0x000295f2                MWU_IRQHandler
                0x000295f2                TIMER2_IRQHandler
                0x000295f2                COMP_LPCOMP_IRQHandler
 .text.SystemInit
                0x000295f4      0x2f0 _build/nrf52832_xxaa_system_nrf52.c.o
                0x000295f4                SystemInit
 .text.sd_ble_gatts_service_add
                0x000298e4        0x4 _build/nrf52832_xxaa_ble_dis.c.o
 .text.sd_ble_gatts_characteristic_add
                0x000298e8        0x4 _build/nrf52832_xxaa_ble_dis.c.o
 .text.char_add
                0x000298ec       0xb8 _build/nrf52832_xxaa_ble_dis.c.o
 .text.ble_dis_init
                0x000299a4      0x2cc _build/nrf52832_xxaa_ble_dis.c.o
                0x000299a4                ble_dis_init
 .text.sd_ble_gatts_service_add
                0x00029c70        0x4 _build/nrf52832_xxaa_ble_hrs.c.o
 .text.sd_ble_gatts_characteristic_add
                0x00029c74        0x4 _build/nrf52832_xxaa_ble_hrs.c.o
 .text.sd_ble_gatts_hvx
                0x00029c78        0x4 _build/nrf52832_xxaa_ble_hrs.c.o
 .text.ble_hrs_on_ble_evt
                0x00029c7c       0x54 _build/nrf52832_xxaa_ble_hrs.c.o
                0x00029c7c                ble_hrs_on_ble_evt
 .text.ble_hrs_init
                0x00029cd0      0x25c _build/nrf52832_xxaa_ble_hrs.c.o
                0x00029cd0                ble_hrs_init
 .text.ble_hrs_heart_rate_measurement_send
                0x00029f2c       0x8c _build/nrf52832_xxaa_ble_hrs.c.o
                0x00029f2c                ble_hrs_heart_rate_measurement_send
 .text.ble_hrs_on_gatt_evt
                0x00029fb8       0x14 _build/nrf52832_xxaa_ble_hrs.c.o
                0x00029fb8                ble_hrs_on_gatt_evt
 .text.sd_evt_get
                0x00029fcc        0x4 _build/nrf52832_xxaa_softdevice_handler.c.o
 .text.sd_softdevice_enable
                0x00029fd0        0x4 _build/nrf52832_xxaa_softdevice_handler.c.o
 .text.sd_ble_enable
                0x00029fd4        0x4 _build/nrf52832_xxaa_softdevice_handler.c.o
 .text.sd_ble_evt_get
                0x00029fd8        0x4 _build/nrf52832_xxaa_softdevice_handler.c.o
 .text.softdevice_fault_handler
                0x00029fdc        0x4 _build/nrf52832_xxaa_softdevice_handler.c.o
                0x00029fdc                softdevice_fault_handler
 .text.intern_softdevice_events_execute.part.2
                0x00029fe0       0xc0 _build/nrf52832_xxaa_softdevice_handler.c.o
 .text.softdevice_handler_is_enabled
                0x0002a0a0        0xc _build/nrf52832_xxaa_softdevice_handler.c.o
                0x0002a0a0                softdevice_handler_is_enabled
 .text.softdevice_handler_init
                0x0002a0ac       0x94 _build/nrf52832_xxaa_softdevice_handler.c.o
                0x0002a0ac                softdevice_handler_init
 .text.softdevice_ble_evt_handler_set
                0x0002a140       0x14 _build/nrf52832_xxaa_softdevice_handler.c.o
                0x0002a140                softdevice_ble_evt_handler_set
 .text.softdevice_sys_evt_handler_set
                0x0002a154       0x14 _build/nrf52832_xxaa_softdevice_handler.c.o
                0x0002a154                softdevice_sys_evt_handler_set
 .text.SWI2_EGU2_IRQHandler
                0x0002a168       0x30 _build/nrf52832_xxaa_softdevice_handler.c.o
                0x0002a168                SWI2_EGU2_IRQHandler
 .text.softdevice_enable_get_default_config
                0x0002a198       0x30 _build/nrf52832_xxaa_softdevice_handler.c.o
                0x0002a198                softdevice_enable_get_default_config
 .text.softdevice_enable
                0x0002a1c8       0x70 _build/nrf52832_xxaa_softdevice_handler.c.o
                0x0002a1c8                softdevice_enable
 .text.SAADC_IRQHandler
                0x0002a238      0x1ec _build/nrf52832_xxaa_nrf_drv_saadc.c.o
                0x0002a238                SAADC_IRQHandler
 .text.nrf_drv_saadc_init
                0x0002a424       0x98 _build/nrf52832_xxaa_nrf_drv_saadc.c.o
                0x0002a424                nrf_drv_saadc_init
 .text.nrf_drv_saadc_uninit
                0x0002a4bc      0x260 _build/nrf52832_xxaa_nrf_drv_saadc.c.o
                0x0002a4bc                nrf_drv_saadc_uninit
 .text.nrf_drv_saadc_channel_init
                0x0002a71c       0x5c _build/nrf52832_xxaa_nrf_drv_saadc.c.o
                0x0002a71c                nrf_drv_saadc_channel_init
 .text.nrf_drv_saadc_sample_task_get
                0x0002a778       0x20 _build/nrf52832_xxaa_nrf_drv_saadc.c.o
                0x0002a778                nrf_drv_saadc_sample_task_get
 .text.nrf_drv_saadc_buffer_convert
                0x0002a798       0xc4 _build/nrf52832_xxaa_nrf_drv_saadc.c.o
                0x0002a798                nrf_drv_saadc_buffer_convert
 .text.nrf_drv_timer_init
                0x0002a85c       0xc4 _build/nrf52832_xxaa_nrf_drv_timer.c.o
                0x0002a85c                nrf_drv_timer_init
 .text.nrf_drv_timer_enable
                0x0002a920       0x1c _build/nrf52832_xxaa_nrf_drv_timer.c.o
                0x0002a920                nrf_drv_timer_enable
 .text.nrf_drv_timer_disable
                0x0002a93c       0x1c _build/nrf52832_xxaa_nrf_drv_timer.c.o
                0x0002a93c                nrf_drv_timer_disable
 .text.nrf_drv_timer_extended_compare
                0x0002a958       0x48 _build/nrf52832_xxaa_nrf_drv_timer.c.o
                0x0002a958                nrf_drv_timer_extended_compare
 .text.TIMER3_IRQHandler
                0x0002a9a0      0x120 _build/nrf52832_xxaa_nrf_drv_timer.c.o
                0x0002a9a0                TIMER3_IRQHandler
 .text.nrf_saadc_channel_init
                0x0002aac0       0x64 _build/nrf52832_xxaa_nrf_saadc.c.o
                0x0002aac0                nrf_saadc_channel_init
 .text.nrf_drv_ppi_init
                0x0002ab24       0x14 _build/nrf52832_xxaa_nrf_drv_ppi.c.o
                0x0002ab24                nrf_drv_ppi_init
 .text.nrf_drv_ppi_channel_alloc
                0x0002ab38       0x78 _build/nrf52832_xxaa_nrf_drv_ppi.c.o
                0x0002ab38                nrf_drv_ppi_channel_alloc
 .text.nrf_drv_ppi_channel_assign
                0x0002abb0       0x4c _build/nrf52832_xxaa_nrf_drv_ppi.c.o
                0x0002abb0                nrf_drv_ppi_channel_assign
 .text.nrf_drv_ppi_channel_enable
                0x0002abfc       0x3c _build/nrf52832_xxaa_nrf_drv_ppi.c.o
                0x0002abfc                nrf_drv_ppi_channel_enable
 .text.memcmp   0x0002ac38       0x1e d:/applications/gnu tools arm embedded/5.4 2016q2/bin/../lib/gcc/arm-none-eabi/5.4.1/../../../../arm-none-eabi/lib/armv7e-m/fpu\libc_nano.a(lib_a-memcmp.o)
                0x0002ac38                memcmp
 .text.memcpy   0x0002ac56       0x16 d:/applications/gnu tools arm embedded/5.4 2016q2/bin/../lib/gcc/arm-none-eabi/5.4.1/../../../../arm-none-eabi/lib/armv7e-m/fpu\libc_nano.a(lib_a-memcpy-stub.o)
                0x0002ac56                memcpy
 .text.memmove  0x0002ac6c       0x36 d:/applications/gnu tools arm embedded/5.4 2016q2/bin/../lib/gcc/arm-none-eabi/5.4.1/../../../../arm-none-eabi/lib/armv7e-m/fpu\libc_nano.a(lib_a-memmove.o)
                0x0002ac6c                memmove
 .text.strcpy   0x0002aca2       0x10 d:/applications/gnu tools arm embedded/5.4 2016q2/bin/../lib/gcc/arm-none-eabi/5.4.1/../../../../arm-none-eabi/lib/armv7e-m/fpu\libc_nano.a(lib_a-strcpy.o)
                0x0002aca2                strcpy
 .text          0x0002acb2       0x10 d:/applications/gnu tools arm embedded/5.4 2016q2/bin/../lib/gcc/arm-none-eabi/5.4.1/../../../../arm-none-eabi/lib/armv7e-m/fpu\libc_nano.a(lib_a-strlen.o)
                0x0002acb2                strlen
 *(.init)
 *fill*         0x0002acc2        0x2 
 .init          0x0002acc4        0x4 d:/applications/gnu tools arm embedded/5.4 2016q2/bin/../lib/gcc/arm-none-eabi/5.4.1/armv7e-m/fpu/crti.o
                0x0002acc4                _init
 .init          0x0002acc8        0x8 d:/applications/gnu tools arm embedded/5.4 2016q2/bin/../lib/gcc/arm-none-eabi/5.4.1/armv7e-m/fpu/crtn.o
 *(.fini)
 .fini          0x0002acd0        0x4 d:/applications/gnu tools arm embedded/5.4 2016q2/bin/../lib/gcc/arm-none-eabi/5.4.1/armv7e-m/fpu/crti.o
                0x0002acd0                _fini
 .fini          0x0002acd4        0x8 d:/applications/gnu tools arm embedded/5.4 2016q2/bin/../lib/gcc/arm-none-eabi/5.4.1/armv7e-m/fpu/crtn.o
 *crtbegin.o(.ctors)
 *crtbegin?.o(.ctors)
 *(EXCLUDE_FILE(*crtend.o *crtend?.o) .ctors)
 *(SORT(.ctors.*))
 *(.ctors)
 *crtbegin.o(.dtors)
 *crtbegin?.o(.dtors)
 *(EXCLUDE_FILE(*crtend.o *crtend?.o) .dtors)
 *(SORT(.dtors.*))
 *(.dtors)
 *(.rodata*)
 .rodata.str1.1
                0x0002acdc        0x2 d:/applications/gnu tools arm embedded/5.4 2016q2/bin/../lib/gcc/arm-none-eabi/5.4.1/../../../../arm-none-eabi/lib/armv7e-m/fpu\libc_nano.a(lib_a-impure.o)
 *fill*         0x0002acde        0x2 
 .rodata._global_impure_ptr
                0x0002ace0        0x4 d:/applications/gnu tools arm embedded/5.4 2016q2/bin/../lib/gcc/arm-none-eabi/5.4.1/../../../../arm-none-eabi/lib/armv7e-m/fpu\libc_nano.a(lib_a-impure.o)
                0x0002ace0                _global_impure_ptr
 .rodata        0x0002ace4       0x20 _build/nrf52832_xxaa_nrf_log_backend_serial.c.o
 .rodata.str1.4
                0x0002ad04        0xb _build/nrf52832_xxaa_nrf_log_frontend.c.o
 *fill*         0x0002ad0f        0x1 
 .rodata.m_detection_delay_timer_id
                0x0002ad10        0x4 _build/nrf52832_xxaa_app_button.c.o
 .rodata.str1.4
                0x0002ad14       0x18 _build/nrf52832_xxaa_app_error_weak.c.o
 .rodata.page_tag_swap.7494
                0x0002ad2c        0x8 _build/nrf52832_xxaa_fds.c.o
 .rodata.page_tag_data.7498
                0x0002ad34        0x8 _build/nrf52832_xxaa_fds.c.o
 .rodata.m_fds_tl_dirty
                0x0002ad3c        0x4 _build/nrf52832_xxaa_fds.c.o
 .rodata.m_board_btn_list
                0x0002ad40        0x4 _build/nrf52832_xxaa_boards.c.o
 .rodata.m_board_led_list
                0x0002ad44        0x4 _build/nrf52832_xxaa_boards.c.o
 .rodata.m_button_timer_id
                0x0002ad48        0x4 _build/nrf52832_xxaa_bsp.c.o
 .rodata.m_leds_timer_id
                0x0002ad4c        0x4 _build/nrf52832_xxaa_bsp.c.o
 .rodata.app_buttons
                0x0002ad50       0x20 _build/nrf52832_xxaa_bsp.c.o
 .rodata.m_alert_timer_id
                0x0002ad70        0x4 _build/nrf52832_xxaa_bsp.c.o
 .rodata        0x0002ad74       0x34 _build/nrf52832_xxaa_main.c.o
 .rodata.str1.4
                0x0002ada8       0x1c _build/nrf52832_xxaa_main.c.o
 .rodata.m_timer
                0x0002adc4        0x8 _build/nrf52832_xxaa_main.c.o
 .rodata        0x0002adcc       0x10 _build/nrf52832_xxaa_ble_lbs.c.o
 .rodata.str1.4
                0x0002addc       0x17 _build/nrf52832_xxaa_SEGGER_RTT.c.o
 *fill*         0x0002adf3        0x1 
 .rodata.m_conn_params_timer_id
                0x0002adf4        0x4 _build/nrf52832_xxaa_ble_conn_params.c.o
 .rodata        0x0002adf8       0x10 _build/nrf52832_xxaa_gatts_cache_manager.c.o
 .rodata.service_changed_pending.8444
                0x0002ae08        0x4 _build/nrf52832_xxaa_gatts_cache_manager.c.o
 .rodata.service_changed_pending.8507
                0x0002ae0c        0x4 _build/nrf52832_xxaa_gatts_cache_manager.c.o
 .rodata.str1.4
                0x0002ae10      0x160 _build/nrf52832_xxaa_nrf_ble_gatt.c.o
 .rodata.m_evt_handlers
                0x0002af70       0x14 _build/nrf52832_xxaa_peer_database.c.o
 .rodata.str1.4
                0x0002af84      0x114 _build/nrf52832_xxaa_softdevice_handler.c.o
                                0x112 (size before relaxing)
 .rodata.m_default_config
                0x0002b098        0x4 _build/nrf52832_xxaa_nrf_drv_saadc.c.o
 *(.eh_frame*)
 .eh_frame      0x0002b09c        0x0 d:/applications/gnu tools arm embedded/5.4 2016q2/bin/../lib/gcc/arm-none-eabi/5.4.1/armv7e-m/fpu/crtbegin.o
 .eh_frame      0x0002b09c        0x4 d:/applications/gnu tools arm embedded/5.4 2016q2/bin/../lib/gcc/arm-none-eabi/5.4.1/armv7e-m/fpu/crtend.o

.glue_7         0x0002b0a0        0x0
 .glue_7        0x0002b0a0        0x0 linker stubs

.glue_7t        0x0002b0a0        0x0
 .glue_7t       0x0002b0a0        0x0 linker stubs

.vfp11_veneer   0x0002b0a0        0x0
 .vfp11_veneer  0x0002b0a0        0x0 linker stubs

.v4_bx          0x0002b0a0        0x0
 .v4_bx         0x0002b0a0        0x0 linker stubs

.iplt           0x0002b0a0        0x0
 .iplt          0x0002b0a0        0x0 d:/applications/gnu tools arm embedded/5.4 2016q2/bin/../lib/gcc/arm-none-eabi/5.4.1/armv7e-m/fpu/crtbegin.o

.ARM.extab
 *(.ARM.extab* .gnu.linkonce.armextab.*)
                0x0002b0a0                __exidx_start = .

.ARM.exidx      0x0002b0a0        0x8
 *(.ARM.exidx* .gnu.linkonce.armexidx.*)
 .ARM.exidx     0x0002b0a0        0x8 d:/applications/gnu tools arm embedded/5.4 2016q2/bin/../lib/gcc/arm-none-eabi/5.4.1/../../../../arm-none-eabi/lib/armv7e-m/fpu/crt0.o
                0x0002b0a8                __exidx_end = .
                0x0002b0a8                __etext = .

.rel.dyn        0x0002b0a8        0x0
 .rel.iplt      0x0002b0a8        0x0 d:/applications/gnu tools arm embedded/5.4 2016q2/bin/../lib/gcc/arm-none-eabi/5.4.1/armv7e-m/fpu/crtbegin.o

.data           0x20002c38       0x8c load address 0x0002b0a8
                0x20002c38                __data_start__ = .
 *(vtable)
 *(.data*)
 .data.impure_data
                0x20002c38       0x60 d:/applications/gnu tools arm embedded/5.4 2016q2/bin/../lib/gcc/arm-none-eabi/5.4.1/../../../../arm-none-eabi/lib/armv7e-m/fpu\libc_nano.a(lib_a-impure.o)
 .data.m_uart   0x20002c98        0x8 _build/nrf52832_xxaa_nrf_log_backend_serial.c.o
 .data.m_adv_uuids
                0x20002ca0        0x8 _build/nrf52832_xxaa_main.c.o
 .data.m_conn_handle
                0x20002ca8        0x2 _build/nrf52832_xxaa_main.c.o
 .data.m_flag_sec_proc_new_peer
                0x20002caa        0x1 _build/nrf52832_xxaa_security_dispatcher.c.o
 .data.m_flag_sec_proc
                0x20002cab        0x1 _build/nrf52832_xxaa_security_dispatcher.c.o
 .data.m_flag_sec_proc_pairing
                0x20002cac        0x1 _build/nrf52832_xxaa_security_dispatcher.c.o
 .data.m_flag_params_reply_pending_flash_full
                0x20002cad        0x1 _build/nrf52832_xxaa_security_manager.c.o
 .data.m_flag_reject_pairing
                0x20002cae        0x1 _build/nrf52832_xxaa_security_manager.c.o
 .data.m_flag_params_reply_pending_busy
                0x20002caf        0x1 _build/nrf52832_xxaa_security_manager.c.o
 .data.m_flag_link_secure_null_params
                0x20002cb0        0x1 _build/nrf52832_xxaa_security_manager.c.o
 .data.m_flag_link_secure_pending_flash_full
                0x20002cb1        0x1 _build/nrf52832_xxaa_security_manager.c.o
 .data.m_flag_link_secure_force_repairing
                0x20002cb2        0x1 _build/nrf52832_xxaa_security_manager.c.o
 .data.m_flag_link_secure_pending_busy
                0x20002cb3        0x1 _build/nrf52832_xxaa_security_manager.c.o
 .data.SystemCoreClock
                0x20002cb4        0x4 _build/nrf52832_xxaa_system_nrf52.c.o
                0x20002cb4                SystemCoreClock
                0x20002cb8                . = ALIGN (0x4)
                0x20002cb8                PROVIDE (__preinit_array_start, .)
 *(.preinit_array)
                0x20002cb8                PROVIDE (__preinit_array_end, .)
                0x20002cb8                . = ALIGN (0x4)
                0x20002cb8                PROVIDE (__init_array_start, .)
 *(SORT(.init_array.*))
 *(.init_array)
 .init_array    0x20002cb8        0x4 d:/applications/gnu tools arm embedded/5.4 2016q2/bin/../lib/gcc/arm-none-eabi/5.4.1/armv7e-m/fpu/crtbegin.o
                0x20002cbc                PROVIDE (__init_array_end, .)
                0x20002cbc                . = ALIGN (0x4)
                [!provide]                PROVIDE (__fini_array_start, .)
 *(SORT(.fini_array.*))
 *(.fini_array)
 .fini_array    0x20002cbc        0x4 d:/applications/gnu tools arm embedded/5.4 2016q2/bin/../lib/gcc/arm-none-eabi/5.4.1/armv7e-m/fpu/crtbegin.o
                [!provide]                PROVIDE (__fini_array_end, .)
 *(.jcr*)
 .jcr           0x20002cc0        0x0 d:/applications/gnu tools arm embedded/5.4 2016q2/bin/../lib/gcc/arm-none-eabi/5.4.1/armv7e-m/fpu/crtbegin.o
 .jcr           0x20002cc0        0x4 d:/applications/gnu tools arm embedded/5.4 2016q2/bin/../lib/gcc/arm-none-eabi/5.4.1/armv7e-m/fpu/crtend.o
                0x20002cc4                . = ALIGN (0x4)
                0x20002cc4                __data_end__ = .
LOAD d:/applications/gnu tools arm embedded/5.4 2016q2/bin/../lib/gcc/arm-none-eabi/5.4.1/armv7e-m/fpu/crti.o
LOAD d:/applications/gnu tools arm embedded/5.4 2016q2/bin/../lib/gcc/arm-none-eabi/5.4.1/armv7e-m/fpu/crtbegin.o
LOAD d:/applications/gnu tools arm embedded/5.4 2016q2/bin/../lib/gcc/arm-none-eabi/5.4.1/../../../../arm-none-eabi/lib/armv7e-m/fpu/crt0.o
LOAD d:/applications/gnu tools arm embedded/5.4 2016q2/bin/../lib/gcc/arm-none-eabi/5.4.1/../../../../arm-none-eabi/lib/armv7e-m/fpu\libc_nano.a
LOAD d:/applications/gnu tools arm embedded/5.4 2016q2/bin/../lib/gcc/arm-none-eabi/5.4.1/../../../../arm-none-eabi/lib/armv7e-m/fpu\libnosys.a
LOAD _build/nrf52832_xxaa_nrf_log_backend_serial.c.o
LOAD _build/nrf52832_xxaa_nrf_log_frontend.c.o
LOAD _build/nrf52832_xxaa_app_button.c.o
LOAD _build/nrf52832_xxaa_app_error.c.o
LOAD _build/nrf52832_xxaa_app_error_weak.c.o
LOAD _build/nrf52832_xxaa_app_timer.c.o
LOAD _build/nrf52832_xxaa_app_util_platform.c.o
LOAD _build/nrf52832_xxaa_crc16.c.o
LOAD _build/nrf52832_xxaa_fds.c.o
LOAD _build/nrf52832_xxaa_fstorage.c.o
LOAD _build/nrf52832_xxaa_hardfault_implementation.c.o
LOAD _build/nrf52832_xxaa_nrf_assert.c.o
LOAD _build/nrf52832_xxaa_sdk_errors.c.o
LOAD _build/nrf52832_xxaa_sdk_mapped_flags.c.o
LOAD _build/nrf52832_xxaa_sensorsim.c.o
LOAD _build/nrf52832_xxaa_boards.c.o
LOAD _build/nrf52832_xxaa_nrf_drv_clock.c.o
LOAD _build/nrf52832_xxaa_nrf_drv_common.c.o
LOAD _build/nrf52832_xxaa_nrf_drv_gpiote.c.o
LOAD _build/nrf52832_xxaa_nrf_drv_uart.c.o
LOAD _build/nrf52832_xxaa_bsp.c.o
LOAD _build/nrf52832_xxaa_bsp_btn_ble.c.o
LOAD _build/nrf52832_xxaa_bsp_nfc.c.o
LOAD _build/nrf52832_xxaa_main.c.o
LOAD _build/nrf52832_xxaa_ble_lbs.c.o
LOAD _build/nrf52832_xxaa_RTT_Syscalls_GCC.c.o
LOAD _build/nrf52832_xxaa_SEGGER_RTT.c.o
LOAD _build/nrf52832_xxaa_SEGGER_RTT_printf.c.o
LOAD _build/nrf52832_xxaa_ble_advdata.c.o
LOAD _build/nrf52832_xxaa_ble_advertising.c.o
LOAD _build/nrf52832_xxaa_ble_conn_params.c.o
LOAD _build/nrf52832_xxaa_ble_conn_state.c.o
LOAD _build/nrf52832_xxaa_ble_srv_common.c.o
LOAD _build/nrf52832_xxaa_gatt_cache_manager.c.o
LOAD _build/nrf52832_xxaa_gatts_cache_manager.c.o
LOAD _build/nrf52832_xxaa_id_manager.c.o
LOAD _build/nrf52832_xxaa_nrf_ble_gatt.c.o
LOAD _build/nrf52832_xxaa_peer_data.c.o
LOAD _build/nrf52832_xxaa_peer_data_storage.c.o
LOAD _build/nrf52832_xxaa_peer_database.c.o
LOAD _build/nrf52832_xxaa_peer_id.c.o
LOAD _build/nrf52832_xxaa_peer_manager.c.o
LOAD _build/nrf52832_xxaa_pm_buffer.c.o
LOAD _build/nrf52832_xxaa_pm_mutex.c.o
LOAD _build/nrf52832_xxaa_security_dispatcher.c.o
LOAD _build/nrf52832_xxaa_security_manager.c.o
LOAD _build/nrf52832_xxaa_gcc_startup_nrf52.S.o
LOAD _build/nrf52832_xxaa_system_nrf52.c.o
LOAD _build/nrf52832_xxaa_ble_bas.c.o
LOAD _build/nrf52832_xxaa_ble_dis.c.o
LOAD _build/nrf52832_xxaa_ble_hrs.c.o
LOAD _build/nrf52832_xxaa_softdevice_handler.c.o
LOAD _build/nrf52832_xxaa_nrf_drv_saadc.c.o
LOAD _build/nrf52832_xxaa_nrf_drv_timer.c.o
LOAD _build/nrf52832_xxaa_nrf_saadc.c.o
LOAD _build/nrf52832_xxaa_nrf_drv_ppi.c.o
LOAD d:/applications/gnu tools arm embedded/5.4 2016q2/bin/../lib/gcc/arm-none-eabi/5.4.1/../../../../arm-none-eabi/lib/armv7e-m/fpu\libm.a
START GROUP
LOAD d:/applications/gnu tools arm embedded/5.4 2016q2/bin/../lib/gcc/arm-none-eabi/5.4.1/armv7e-m/fpu\libgcc.a
LOAD d:/applications/gnu tools arm embedded/5.4 2016q2/bin/../lib/gcc/arm-none-eabi/5.4.1/../../../../arm-none-eabi/lib/armv7e-m/fpu\libc_nano.a
END GROUP
START GROUP
LOAD d:/applications/gnu tools arm embedded/5.4 2016q2/bin/../lib/gcc/arm-none-eabi/5.4.1/armv7e-m/fpu\libgcc.a
LOAD d:/applications/gnu tools arm embedded/5.4 2016q2/bin/../lib/gcc/arm-none-eabi/5.4.1/../../../../arm-none-eabi/lib/armv7e-m/fpu\libc_nano.a
END GROUP
LOAD d:/applications/gnu tools arm embedded/5.4 2016q2/bin/../lib/gcc/arm-none-eabi/5.4.1/armv7e-m/fpu/crtend.o
LOAD d:/applications/gnu tools arm embedded/5.4 2016q2/bin/../lib/gcc/arm-none-eabi/5.4.1/armv7e-m/fpu/crtn.o
START GROUP
LOAD d:/applications/gnu tools arm embedded/5.4 2016q2/bin/../lib/gcc/arm-none-eabi/5.4.1/armv7e-m/fpu\libgcc.a
LOAD d:/applications/gnu tools arm embedded/5.4 2016q2/bin/../lib/gcc/arm-none-eabi/5.4.1/../../../../arm-none-eabi/lib/armv7e-m/fpu\libc.a
LOAD d:/applications/gnu tools arm embedded/5.4 2016q2/bin/../lib/gcc/arm-none-eabi/5.4.1/../../../../arm-none-eabi/lib/armv7e-m/fpu\libnosys.a
END GROUP

.igot.plt       0x20002cc4        0x0 load address 0x0002b134
 .igot.plt      0x20002cc4        0x0 d:/applications/gnu tools arm embedded/5.4 2016q2/bin/../lib/gcc/arm-none-eabi/5.4.1/armv7e-m/fpu/crtbegin.o

.fs_data        0x20002cc4       0x10 load address 0x0002b134
                0x20002cc4                PROVIDE (__start_fs_data, .)
 *(.fs_data)
 .fs_data       0x20002cc4       0x10 _build/nrf52832_xxaa_fds.c.o
                0x20002cd4                PROVIDE (__stop_fs_data, .)

.pwr_mgmt_data  0x20002cd4        0x0
                [!provide]                PROVIDE (__start_pwr_mgmt_data, .)
 *(.pwr_mgmt_data)
                [!provide]                PROVIDE (__stop_pwr_mgmt_data, .)

.bss            0x20002cd4      0xfd0 load address 0x0002b144
                0x20002cd4                . = ALIGN (0x4)
                0x20002cd4                __bss_start__ = .
 *(.bss*)
 .bss           0x20002cd4       0x1c d:/applications/gnu tools arm embedded/5.4 2016q2/bin/../lib/gcc/arm-none-eabi/5.4.1/armv7e-m/fpu/crtbegin.o
 .bss.m_rx_done
                0x20002cf0        0x1 _build/nrf52832_xxaa_nrf_log_backend_serial.c.o
 .bss.m_blocking_mode
                0x20002cf1        0x1 _build/nrf52832_xxaa_nrf_log_backend_serial.c.o
 .bss.m_initialized
                0x20002cf2        0x1 _build/nrf52832_xxaa_nrf_log_backend_serial.c.o
 *fill*         0x20002cf3        0x1 
 .bss.m_log_data
                0x20002cf4      0x418 _build/nrf52832_xxaa_nrf_log_frontend.c.o
 .bss.m_detection_delay
                0x2000310c        0x4 _build/nrf52832_xxaa_app_button.c.o
 .bss.mp_buttons
                0x20003110        0x4 _build/nrf52832_xxaa_app_button.c.o
 .bss.m_button_count
                0x20003114        0x1 _build/nrf52832_xxaa_app_button.c.o
 *fill*         0x20003115        0x3 
 .bss.m_detection_delay_timer_id_data
                0x20003118       0x20 _build/nrf52832_xxaa_app_button.c.o
 .bss.m_pin_state
                0x20003138        0x4 _build/nrf52832_xxaa_app_button.c.o
 .bss.m_pin_transition
                0x2000313c        0x4 _build/nrf52832_xxaa_app_button.c.o
 .bss.m_ticks_latest
                0x20003140        0x4 _build/nrf52832_xxaa_app_timer.c.o
 .bss.mp_timer_id_head
                0x20003144        0x4 _build/nrf52832_xxaa_app_timer.c.o
 .bss.m_evt_schedule_func
                0x20003148        0x4 _build/nrf52832_xxaa_app_timer.c.o
 .bss.m_ticks_elapsed_q_read_ind
                0x2000314c        0x1 _build/nrf52832_xxaa_app_timer.c.o
 .bss.m_ticks_elapsed_q_write_ind
                0x2000314d        0x1 _build/nrf52832_xxaa_app_timer.c.o
 .bss.m_rtc1_reset
                0x2000314e        0x1 _build/nrf52832_xxaa_app_timer.c.o
 *fill*         0x2000314f        0x1 
 .bss.m_op_queue
                0x20003150        0x8 _build/nrf52832_xxaa_app_timer.c.o
 .bss.m_ticks_elapsed
                0x20003158        0x8 _build/nrf52832_xxaa_app_timer.c.o
 .bss.m_rtc1_running
                0x20003160        0x1 _build/nrf52832_xxaa_app_timer.c.o
 *fill*         0x20003161        0x3 
 .bss.m_chunk_queue
                0x20003164       0x48 _build/nrf52832_xxaa_fds.c.o
 .bss.m_pages   0x200031ac       0x20 _build/nrf52832_xxaa_fds.c.o
 .bss.m_gc      0x200031cc       0x10 _build/nrf52832_xxaa_fds.c.o
 .bss.tok.7632  0x200031dc        0x8 _build/nrf52832_xxaa_fds.c.o
 .bss.m_op_queue
                0x200031e4       0x78 _build/nrf52832_xxaa_fds.c.o
 .bss.m_swap_page
                0x2000325c        0x8 _build/nrf52832_xxaa_fds.c.o
 .bss.desc.7726
                0x20003264        0xc _build/nrf52832_xxaa_fds.c.o
 .bss.m_flags   0x20003270        0x1 _build/nrf52832_xxaa_fds.c.o
 *fill*         0x20003271        0x3 
 .bss.m_latest_rec_id
                0x20003274        0x4 _build/nrf52832_xxaa_fds.c.o
 .bss.m_cb_table
                0x20003278       0x20 _build/nrf52832_xxaa_fds.c.o
 .bss.m_flags   0x20003298        0x1 _build/nrf52832_xxaa_fstorage.c.o
 *fill*         0x20003299        0x3 
 .bss.m_queue   0x2000329c       0x68 _build/nrf52832_xxaa_fstorage.c.o
 .bss.m_retry_count
                0x20003304        0x1 _build/nrf52832_xxaa_fstorage.c.o
 *fill*         0x20003305        0x3 
 .bss.m_clock_cb
                0x20003308       0x14 _build/nrf52832_xxaa_nrf_drv_clock.c.o
 .bss.m_cb      0x2000331c       0x58 _build/nrf52832_xxaa_nrf_drv_gpiote.c.o
 .bss.m_cb      0x20003374       0x20 _build/nrf52832_xxaa_nrf_drv_uart.c.o
 .bss.m_leds_timer_id_data
                0x20003394       0x20 _build/nrf52832_xxaa_bsp.c.o
 .bss.m_indication_type
                0x200033b4        0x4 _build/nrf52832_xxaa_bsp.c.o
 .bss.current_long_push_pin_no.7333
                0x200033b8        0x1 _build/nrf52832_xxaa_bsp.c.o
 .bss.m_leds_clear
                0x200033b9        0x1 _build/nrf52832_xxaa_bsp.c.o
 *fill*         0x200033ba        0x2 
 .bss.release_event_at_push.7334
                0x200033bc        0x4 _build/nrf52832_xxaa_bsp.c.o
 .bss.m_app_ticks_per_100ms
                0x200033c0        0x4 _build/nrf52832_xxaa_bsp.c.o
 .bss.m_registered_callback
                0x200033c4        0x4 _build/nrf52832_xxaa_bsp.c.o
 .bss.m_button_timer_id_data
                0x200033c8       0x20 _build/nrf52832_xxaa_bsp.c.o
 .bss.m_stable_state
                0x200033e8        0x1 _build/nrf52832_xxaa_bsp.c.o
 *fill*         0x200033e9        0x3 
 .bss.m_alert_timer_id_data
                0x200033ec       0x20 _build/nrf52832_xxaa_bsp.c.o
 .bss.m_events_list
                0x2000340c        0xc _build/nrf52832_xxaa_bsp.c.o
 .bss.m_error_handler
                0x20003418        0x4 _build/nrf52832_xxaa_bsp_btn_ble.c.o
 .bss.m_num_connections
                0x2000341c        0x4 _build/nrf52832_xxaa_bsp_btn_ble.c.o
 .bss.ble_counter
                0x20003420        0x1 _build/nrf52832_xxaa_main.c.o
 .bss.m_ppi_channel
                0x20003421        0x1 _build/nrf52832_xxaa_main.c.o
 *fill*         0x20003422        0x2 
 .bss.m_lbs     0x20003424       0x1c _build/nrf52832_xxaa_main.c.o
 .bss.m_hrs     0x20003440       0x50 _build/nrf52832_xxaa_main.c.o
 .bss.APP_TIMER_BUF.11233
                0x20003490       0x78 _build/nrf52832_xxaa_main.c.o
 .bss.temp_avg  0x20003508       0x10 _build/nrf52832_xxaa_main.c.o
 .bss.m_gatt    0x20003518       0x10 _build/nrf52832_xxaa_main.c.o
 .bss.BLE_EVT_BUFFER.11344
                0x20003528       0xd8 _build/nrf52832_xxaa_main.c.o
 .bss.avg_ble_counter
                0x20003600        0x1 _build/nrf52832_xxaa_main.c.o
 *fill*         0x20003601        0x3 
 .bss.avg_ble_data
                0x20003604       0x18 _build/nrf52832_xxaa_main.c.o
 .bss.m_buffer_pool
                0x2000361c       0x10 _build/nrf52832_xxaa_main.c.o
 .bss._acDownBuffer
                0x2000362c       0x10 _build/nrf52832_xxaa_SEGGER_RTT.c.o
 .bss._acUpBuffer
                0x2000363c      0x200 _build/nrf52832_xxaa_SEGGER_RTT.c.o
 .bss.m_advdata
                0x2000383c       0x3c _build/nrf52832_xxaa_ble_advertising.c.o
 .bss.m_whitelist_in_use
                0x20003878        0x1 _build/nrf52832_xxaa_ble_advertising.c.o
 *fill*         0x20003879        0x3 
 .bss.m_manuf_specific_data
                0x2000387c        0xc _build/nrf52832_xxaa_ble_advertising.c.o
 .bss.m_evt_handler
                0x20003888        0x4 _build/nrf52832_xxaa_ble_advertising.c.o
 .bss.m_advertising_start_pending
                0x2000388c        0x1 _build/nrf52832_xxaa_ble_advertising.c.o
 *fill*         0x2000388d        0x3 
 .bss.m_manuf_data_array
                0x20003890       0x1f _build/nrf52832_xxaa_ble_advertising.c.o
 .bss.m_whitelist_temporarily_disabled
                0x200038af        0x1 _build/nrf52832_xxaa_ble_advertising.c.o
 .bss.m_error_handler
                0x200038b0        0x4 _build/nrf52832_xxaa_ble_advertising.c.o
 .bss.m_peer_address
                0x200038b4        0x7 _build/nrf52832_xxaa_ble_advertising.c.o
 *fill*         0x200038bb        0x1 
 .bss.m_adv_modes_config
                0x200038bc       0x20 _build/nrf52832_xxaa_ble_advertising.c.o
 .bss.m_slave_conn_int
                0x200038dc        0x4 _build/nrf52832_xxaa_ble_advertising.c.o
 .bss.m_service_data_array
                0x200038e0       0x1f _build/nrf52832_xxaa_ble_advertising.c.o
 .bss.m_whitelist_reply_expected
                0x200038ff        0x1 _build/nrf52832_xxaa_ble_advertising.c.o
 .bss.m_current_slave_link_conn_handle
                0x20003900        0x2 _build/nrf52832_xxaa_ble_advertising.c.o
 .bss.m_adv_mode_current
                0x20003902        0x1 _build/nrf52832_xxaa_ble_advertising.c.o
 .bss.m_peer_addr_reply_expected
                0x20003903        0x1 _build/nrf52832_xxaa_ble_advertising.c.o
 .bss.m_initialized
                0x20003904        0x1 _build/nrf52832_xxaa_ble_advertising.c.o
 *fill*         0x20003905        0x3 
 .bss.m_service_data
                0x20003908        0xc _build/nrf52832_xxaa_ble_advertising.c.o
 .bss.m_adv_evt
                0x20003914        0x1 _build/nrf52832_xxaa_ble_advertising.c.o
 .bss.m_change_param
                0x20003915        0x1 _build/nrf52832_xxaa_ble_conn_params.c.o
 *fill*         0x20003916        0x2 
 .bss.m_current_conn_params
                0x20003918        0x8 _build/nrf52832_xxaa_ble_conn_params.c.o
 .bss.m_update_count
                0x20003920        0x1 _build/nrf52832_xxaa_ble_conn_params.c.o
 *fill*         0x20003921        0x3 
 .bss.m_conn_params_config
                0x20003924       0x1c _build/nrf52832_xxaa_ble_conn_params.c.o
 .bss.m_conn_params_timer_id_data
                0x20003940       0x20 _build/nrf52832_xxaa_ble_conn_params.c.o
 .bss.m_conn_handle
                0x20003960        0x2 _build/nrf52832_xxaa_ble_conn_params.c.o
 *fill*         0x20003962        0x2 
 .bss.m_preferred_conn_params
                0x20003964        0x8 _build/nrf52832_xxaa_ble_conn_params.c.o
 .bss.m_bcs     0x2000396c       0x34 _build/nrf52832_xxaa_ble_conn_state.c.o
 .bss.m_flag_service_changed_pending
                0x200039a0        0x1 _build/nrf52832_xxaa_gatt_cache_manager.c.o
 .bss.m_flag_service_changed_sent
                0x200039a1        0x1 _build/nrf52832_xxaa_gatt_cache_manager.c.o
 .bss.m_flag_local_db_update_pending
                0x200039a2        0x1 _build/nrf52832_xxaa_gatt_cache_manager.c.o
 .bss.m_flag_local_db_apply_pending
                0x200039a3        0x1 _build/nrf52832_xxaa_gatt_cache_manager.c.o
 .bss.start_handle.8499
                0x200039a4        0x2 _build/nrf52832_xxaa_gatts_cache_manager.c.o
 .bss.m_current_sc_store_peer_id
                0x200039a6        0x2 _build/nrf52832_xxaa_gatts_cache_manager.c.o
 .bss.m_connections
                0x200039a8       0x60 _build/nrf52832_xxaa_id_manager.c.o
 .bss.m_conn_state_user_flag_id
                0x20003a08        0x1 _build/nrf52832_xxaa_id_manager.c.o
 *fill*         0x20003a09        0x3 
 .bss.m_fds_ftok
                0x20003a0c        0x8 _build/nrf52832_xxaa_peer_data_storage.c.o
 .bss.m_peer_delete_queued
                0x20003a14        0x1 _build/nrf52832_xxaa_peer_data_storage.c.o
 .bss.m_peer_delete_ongoing
                0x20003a15        0x1 _build/nrf52832_xxaa_peer_data_storage.c.o
 *fill*         0x20003a16        0x2 
 .bss.m_write_buffer_records
                0x20003a18       0xa0 _build/nrf52832_xxaa_peer_database.c.o
 .bss.m_n_writes
                0x20003ab8        0x4 _build/nrf52832_xxaa_peer_database.c.o
 .bss.m_write_buffer
                0x20003abc       0x10 _build/nrf52832_xxaa_peer_database.c.o
 .bss.m_pi      0x20003acc       0x40 _build/nrf52832_xxaa_peer_id.c.o
 .bss.m_pairing_flag_id
                0x20003b0c        0x1 _build/nrf52832_xxaa_peer_manager.c.o
 *fill*         0x20003b0d        0x3 
 .bss.m_current_highest_peer_rank
                0x20003b10        0x4 _build/nrf52832_xxaa_peer_manager.c.o
 .bss.m_module_initialized
                0x20003b14        0x1 _build/nrf52832_xxaa_peer_manager.c.o
 *fill*         0x20003b15        0x3 
 .bss.m_evt_handlers
                0x20003b18        0xc _build/nrf52832_xxaa_peer_manager.c.o
 .bss.m_deleting_all
                0x20003b24        0x1 _build/nrf52832_xxaa_peer_manager.c.o
 .bss.m_n_registrants
                0x20003b25        0x1 _build/nrf52832_xxaa_peer_manager.c.o
 *fill*         0x20003b26        0x2 
 .bss.m_peer_rank_token
                0x20003b28        0x4 _build/nrf52832_xxaa_peer_manager.c.o
 .bss.m_bonding_flag_id
                0x20003b2c        0x1 _build/nrf52832_xxaa_peer_manager.c.o
 *fill*         0x20003b2d        0x1 
 .bss.m_highest_ranked_peer
                0x20003b2e        0x2 _build/nrf52832_xxaa_peer_manager.c.o
 .bss.m_peer_pk
                0x20003b30       0x40 _build/nrf52832_xxaa_security_dispatcher.c.o
 .bss.m_p_public_key
                0x20003b70        0x4 _build/nrf52832_xxaa_security_manager.c.o
 .bss.m_sec_params
                0x20003b74        0x5 _build/nrf52832_xxaa_security_manager.c.o
 .bss.m_sec_params_valid
                0x20003b79        0x1 _build/nrf52832_xxaa_security_manager.c.o
 *fill*         0x20003b7a        0x2 
 .bss.sw_rev_handles
                0x20003b7c        0x8 _build/nrf52832_xxaa_ble_dis.c.o
 .bss.model_num_handles
                0x20003b84        0x8 _build/nrf52832_xxaa_ble_dis.c.o
 .bss.sys_id_handles
                0x20003b8c        0x8 _build/nrf52832_xxaa_ble_dis.c.o
 .bss.manufact_name_handles
                0x20003b94        0x8 _build/nrf52832_xxaa_ble_dis.c.o
 .bss.reg_cert_data_list_handles
                0x20003b9c        0x8 _build/nrf52832_xxaa_ble_dis.c.o
 .bss.pnp_id_handles
                0x20003ba4        0x8 _build/nrf52832_xxaa_ble_dis.c.o
 .bss.hw_rev_handles
                0x20003bac        0x8 _build/nrf52832_xxaa_ble_dis.c.o
 .bss.serial_num_handles
                0x20003bb4        0x8 _build/nrf52832_xxaa_ble_dis.c.o
 .bss.fw_rev_handles
                0x20003bbc        0x8 _build/nrf52832_xxaa_ble_dis.c.o
 .bss.service_handle
                0x20003bc4        0x2 _build/nrf52832_xxaa_ble_dis.c.o
 .bss.m_suspended
                0x20003bc6        0x1 _build/nrf52832_xxaa_softdevice_handler.c.o
 .bss.m_softdevice_enabled
                0x20003bc7        0x1 _build/nrf52832_xxaa_softdevice_handler.c.o
 .bss.m_ble_evt_buffer_size
                0x20003bc8        0x2 _build/nrf52832_xxaa_softdevice_handler.c.o
 *fill*         0x20003bca        0x2 
 .bss.mp_ble_evt_buffer
                0x20003bcc        0x4 _build/nrf52832_xxaa_softdevice_handler.c.o
 .bss.m_sys_evt_handler
                0x20003bd0        0x4 _build/nrf52832_xxaa_softdevice_handler.c.o
 .bss.m_ble_evt_handler
                0x20003bd4        0x4 _build/nrf52832_xxaa_softdevice_handler.c.o
 .bss.m_evt_schedule_func
                0x20003bd8        0x4 _build/nrf52832_xxaa_softdevice_handler.c.o
 .bss.m_cb      0x20003bdc       0x30 _build/nrf52832_xxaa_nrf_drv_saadc.c.o
 .bss.m_cb      0x20003c0c        0xc _build/nrf52832_xxaa_nrf_drv_timer.c.o
 .bss.m_drv_state
                0x20003c18        0x1 _build/nrf52832_xxaa_nrf_drv_ppi.c.o
 *fill*         0x20003c19        0x3 
 .bss.m_channels_allocated
                0x20003c1c        0x4 _build/nrf52832_xxaa_nrf_drv_ppi.c.o
 *(COMMON)
 COMMON         0x20003c20        0xc _build/nrf52832_xxaa_app_util_platform.c.o
                0x20003c20                nrf_nvic_state
 COMMON         0x20003c2c       0x78 _build/nrf52832_xxaa_SEGGER_RTT.c.o
                0x20003c2c                _SEGGER_RTT
                0x20003ca4                . = ALIGN (0x4)
                0x20003ca4                __bss_end__ = .

.heap           0x20003ca8        0x0
                0x20003ca8                __HeapBase = .
                0x20003ca8                __end__ = .
                0x20003ca8                PROVIDE (end, .)
 *(.heap*)
 .heap          0x20003ca8        0x0 _build/nrf52832_xxaa_gcc_startup_nrf52.S.o
                0x20003ca8                __HeapLimit = .

.stack_dummy    0x20003ca8     0x2000
 *(.stack*)
 .stack         0x20003ca8     0x2000 _build/nrf52832_xxaa_gcc_startup_nrf52.S.o
                0x20010000                __StackTop = (ORIGIN (RAM) + LENGTH (RAM))
                0x2000e000                __StackLimit = (__StackTop - SIZEOF (.stack_dummy))
                0x20010000                PROVIDE (__stack, __StackTop)
                0x00000001                ASSERT ((__StackLimit >= __HeapLimit), region RAM overflowed with stack)
OUTPUT(_build/nrf52832_xxaa.out elf32-littlearm)

.ARM.attributes
                0x00000000       0x30
 .ARM.attributes
                0x00000000       0x22 d:/applications/gnu tools arm embedded/5.4 2016q2/bin/../lib/gcc/arm-none-eabi/5.4.1/armv7e-m/fpu/crti.o
 .ARM.attributes
                0x00000022       0x34 d:/applications/gnu tools arm embedded/5.4 2016q2/bin/../lib/gcc/arm-none-eabi/5.4.1/armv7e-m/fpu/crtbegin.o
 .ARM.attributes
                0x00000056       0x20 d:/applications/gnu tools arm embedded/5.4 2016q2/bin/../lib/gcc/arm-none-eabi/5.4.1/../../../../arm-none-eabi/lib/armv7e-m/fpu/crt0.o
 .ARM.attributes
                0x00000076       0x34 d:/applications/gnu tools arm embedded/5.4 2016q2/bin/../lib/gcc/arm-none-eabi/5.4.1/../../../../arm-none-eabi/lib/armv7e-m/fpu\libc_nano.a(lib_a-exit.o)
 .ARM.attributes
                0x000000aa       0x34 d:/applications/gnu tools arm embedded/5.4 2016q2/bin/../lib/gcc/arm-none-eabi/5.4.1/../../../../arm-none-eabi/lib/armv7e-m/fpu\libc_nano.a(lib_a-impure.o)
 .ARM.attributes
                0x000000de       0x34 d:/applications/gnu tools arm embedded/5.4 2016q2/bin/../lib/gcc/arm-none-eabi/5.4.1/../../../../arm-none-eabi/lib/armv7e-m/fpu\libc_nano.a(lib_a-init.o)
 .ARM.attributes
                0x00000112       0x34 d:/applications/gnu tools arm embedded/5.4 2016q2/bin/../lib/gcc/arm-none-eabi/5.4.1/../../../../arm-none-eabi/lib/armv7e-m/fpu\libc_nano.a(lib_a-memset.o)
 .ARM.attributes
                0x00000146       0x34 d:/applications/gnu tools arm embedded/5.4 2016q2/bin/../lib/gcc/arm-none-eabi/5.4.1/../../../../arm-none-eabi/lib/armv7e-m/fpu\libnosys.a(_exit.o)
 .ARM.attributes
                0x0000017a       0x39 _build/nrf52832_xxaa_nrf_log_backend_serial.c.o
 .ARM.attributes
                0x000001b3       0x39 _build/nrf52832_xxaa_nrf_log_frontend.c.o
 .ARM.attributes
                0x000001ec       0x39 _build/nrf52832_xxaa_app_button.c.o
 .ARM.attributes
                0x00000225       0x39 _build/nrf52832_xxaa_app_error.c.o
 .ARM.attributes
                0x0000025e       0x39 _build/nrf52832_xxaa_app_error_weak.c.o
 .ARM.attributes
                0x00000297       0x39 _build/nrf52832_xxaa_app_timer.c.o
 .ARM.attributes
                0x000002d0       0x39 _build/nrf52832_xxaa_app_util_platform.c.o
 .ARM.attributes
                0x00000309       0x39 _build/nrf52832_xxaa_fds.c.o
 .ARM.attributes
                0x00000342       0x39 _build/nrf52832_xxaa_fstorage.c.o
 .ARM.attributes
                0x0000037b       0x39 _build/nrf52832_xxaa_sdk_mapped_flags.c.o
 .ARM.attributes
                0x000003b4       0x39 _build/nrf52832_xxaa_boards.c.o
 .ARM.attributes
                0x000003ed       0x39 _build/nrf52832_xxaa_nrf_drv_clock.c.o
 .ARM.attributes
                0x00000426       0x39 _build/nrf52832_xxaa_nrf_drv_common.c.o
 .ARM.attributes
                0x0000045f       0x39 _build/nrf52832_xxaa_nrf_drv_gpiote.c.o
 .ARM.attributes
                0x00000498       0x39 _build/nrf52832_xxaa_nrf_drv_uart.c.o
 .ARM.attributes
                0x000004d1       0x39 _build/nrf52832_xxaa_bsp.c.o
 .ARM.attributes
                0x0000050a       0x39 _build/nrf52832_xxaa_bsp_btn_ble.c.o
 .ARM.attributes
                0x00000543       0x39 _build/nrf52832_xxaa_main.c.o
 .ARM.attributes
                0x0000057c       0x39 _build/nrf52832_xxaa_ble_lbs.c.o
 .ARM.attributes
                0x000005b5       0x39 _build/nrf52832_xxaa_SEGGER_RTT.c.o
 .ARM.attributes
                0x000005ee       0x39 _build/nrf52832_xxaa_ble_advdata.c.o
 .ARM.attributes
                0x00000627       0x39 _build/nrf52832_xxaa_ble_advertising.c.o
 .ARM.attributes
                0x00000660       0x39 _build/nrf52832_xxaa_ble_conn_params.c.o
 .ARM.attributes
                0x00000699       0x39 _build/nrf52832_xxaa_ble_conn_state.c.o
 .ARM.attributes
                0x000006d2       0x39 _build/nrf52832_xxaa_ble_srv_common.c.o
 .ARM.attributes
                0x0000070b       0x39 _build/nrf52832_xxaa_gatt_cache_manager.c.o
 .ARM.attributes
                0x00000744       0x39 _build/nrf52832_xxaa_gatts_cache_manager.c.o
 .ARM.attributes
                0x0000077d       0x39 _build/nrf52832_xxaa_id_manager.c.o
 .ARM.attributes
                0x000007b6       0x39 _build/nrf52832_xxaa_nrf_ble_gatt.c.o
 .ARM.attributes
                0x000007ef       0x39 _build/nrf52832_xxaa_peer_data_storage.c.o
 .ARM.attributes
                0x00000828       0x39 _build/nrf52832_xxaa_peer_database.c.o
 .ARM.attributes
                0x00000861       0x39 _build/nrf52832_xxaa_peer_id.c.o
 .ARM.attributes
                0x0000089a       0x39 _build/nrf52832_xxaa_peer_manager.c.o
 .ARM.attributes
                0x000008d3       0x39 _build/nrf52832_xxaa_pm_buffer.c.o
 .ARM.attributes
                0x0000090c       0x39 _build/nrf52832_xxaa_pm_mutex.c.o
 .ARM.attributes
                0x00000945       0x39 _build/nrf52832_xxaa_security_dispatcher.c.o
 .ARM.attributes
                0x0000097e       0x39 _build/nrf52832_xxaa_security_manager.c.o
 .ARM.attributes
                0x000009b7       0x1c _build/nrf52832_xxaa_gcc_startup_nrf52.S.o
 .ARM.attributes
                0x000009d3       0x39 _build/nrf52832_xxaa_system_nrf52.c.o
 .ARM.attributes
                0x00000a0c       0x39 _build/nrf52832_xxaa_ble_dis.c.o
 .ARM.attributes
                0x00000a45       0x39 _build/nrf52832_xxaa_ble_hrs.c.o
 .ARM.attributes
                0x00000a7e       0x39 _build/nrf52832_xxaa_softdevice_handler.c.o
 .ARM.attributes
                0x00000ab7       0x39 _build/nrf52832_xxaa_nrf_drv_saadc.c.o
 .ARM.attributes
                0x00000af0       0x39 _build/nrf52832_xxaa_nrf_drv_timer.c.o
 .ARM.attributes
                0x00000b29       0x39 _build/nrf52832_xxaa_nrf_saadc.c.o
 .ARM.attributes
                0x00000b62       0x39 _build/nrf52832_xxaa_nrf_drv_ppi.c.o
 .ARM.attributes
                0x00000b9b       0x34 d:/applications/gnu tools arm embedded/5.4 2016q2/bin/../lib/gcc/arm-none-eabi/5.4.1/../../../../arm-none-eabi/lib/armv7e-m/fpu\libc_nano.a(lib_a-memcmp.o)
 .ARM.attributes
                0x00000bcf       0x34 d:/applications/gnu tools arm embedded/5.4 2016q2/bin/../lib/gcc/arm-none-eabi/5.4.1/../../../../arm-none-eabi/lib/armv7e-m/fpu\libc_nano.a(lib_a-memcpy-stub.o)
 .ARM.attributes
                0x00000c03       0x34 d:/applications/gnu tools arm embedded/5.4 2016q2/bin/../lib/gcc/arm-none-eabi/5.4.1/../../../../arm-none-eabi/lib/armv7e-m/fpu\libc_nano.a(lib_a-memmove.o)
 .ARM.attributes
                0x00000c37       0x34 d:/applications/gnu tools arm embedded/5.4 2016q2/bin/../lib/gcc/arm-none-eabi/5.4.1/../../../../arm-none-eabi/lib/armv7e-m/fpu\libc_nano.a(lib_a-strcpy.o)
 .ARM.attributes
                0x00000c6b       0x1b d:/applications/gnu tools arm embedded/5.4 2016q2/bin/../lib/gcc/arm-none-eabi/5.4.1/../../../../arm-none-eabi/lib/armv7e-m/fpu\libc_nano.a(lib_a-strlen.o)
 .ARM.attributes
                0x00000c86       0x34 d:/applications/gnu tools arm embedded/5.4 2016q2/bin/../lib/gcc/arm-none-eabi/5.4.1/armv7e-m/fpu/crtend.o
 .ARM.attributes
                0x00000cba       0x22 d:/applications/gnu tools arm embedded/5.4 2016q2/bin/../lib/gcc/arm-none-eabi/5.4.1/armv7e-m/fpu/crtn.o

.comment        0x00000000       0x6e
 .comment       0x00000000       0x6e _build/nrf52832_xxaa_nrf_log_backend_serial.c.o
                                 0x6f (size before relaxing)
 .comment       0x0000006e       0x6f _build/nrf52832_xxaa_nrf_log_frontend.c.o
 .comment       0x0000006e       0x6f _build/nrf52832_xxaa_app_button.c.o
 .comment       0x0000006e       0x6f _build/nrf52832_xxaa_app_error.c.o
 .comment       0x0000006e       0x6f _build/nrf52832_xxaa_app_error_weak.c.o
 .comment       0x0000006e       0x6f _build/nrf52832_xxaa_app_timer.c.o
 .comment       0x0000006e       0x6f _build/nrf52832_xxaa_app_util_platform.c.o
 .comment       0x0000006e       0x6f _build/nrf52832_xxaa_fds.c.o
 .comment       0x0000006e       0x6f _build/nrf52832_xxaa_fstorage.c.o
 .comment       0x0000006e       0x6f _build/nrf52832_xxaa_sdk_mapped_flags.c.o
 .comment       0x0000006e       0x6f _build/nrf52832_xxaa_boards.c.o
 .comment       0x0000006e       0x6f _build/nrf52832_xxaa_nrf_drv_clock.c.o
 .comment       0x0000006e       0x6f _build/nrf52832_xxaa_nrf_drv_common.c.o
 .comment       0x0000006e       0x6f _build/nrf52832_xxaa_nrf_drv_gpiote.c.o
 .comment       0x0000006e       0x6f _build/nrf52832_xxaa_nrf_drv_uart.c.o
 .comment       0x0000006e       0x6f _build/nrf52832_xxaa_bsp.c.o
 .comment       0x0000006e       0x6f _build/nrf52832_xxaa_bsp_btn_ble.c.o
 .comment       0x0000006e       0x6f _build/nrf52832_xxaa_main.c.o
 .comment       0x0000006e       0x6f _build/nrf52832_xxaa_ble_lbs.c.o
 .comment       0x0000006e       0x6f _build/nrf52832_xxaa_SEGGER_RTT.c.o
 .comment       0x0000006e       0x6f _build/nrf52832_xxaa_ble_advdata.c.o
 .comment       0x0000006e       0x6f _build/nrf52832_xxaa_ble_advertising.c.o
 .comment       0x0000006e       0x6f _build/nrf52832_xxaa_ble_conn_params.c.o
 .comment       0x0000006e       0x6f _build/nrf52832_xxaa_ble_conn_state.c.o
 .comment       0x0000006e       0x6f _build/nrf52832_xxaa_ble_srv_common.c.o
 .comment       0x0000006e       0x6f _build/nrf52832_xxaa_gatt_cache_manager.c.o
 .comment       0x0000006e       0x6f _build/nrf52832_xxaa_gatts_cache_manager.c.o
 .comment       0x0000006e       0x6f _build/nrf52832_xxaa_id_manager.c.o
 .comment       0x0000006e       0x6f _build/nrf52832_xxaa_nrf_ble_gatt.c.o
 .comment       0x0000006e       0x6f _build/nrf52832_xxaa_peer_data_storage.c.o
 .comment       0x0000006e       0x6f _build/nrf52832_xxaa_peer_database.c.o
 .comment       0x0000006e       0x6f _build/nrf52832_xxaa_peer_id.c.o
 .comment       0x0000006e       0x6f _build/nrf52832_xxaa_peer_manager.c.o
 .comment       0x0000006e       0x6f _build/nrf52832_xxaa_pm_buffer.c.o
 .comment       0x0000006e       0x6f _build/nrf52832_xxaa_pm_mutex.c.o
 .comment       0x0000006e       0x6f _build/nrf52832_xxaa_security_dispatcher.c.o
 .comment       0x0000006e       0x6f _build/nrf52832_xxaa_security_manager.c.o
 .comment       0x0000006e       0x6f _build/nrf52832_xxaa_system_nrf52.c.o
 .comment       0x0000006e       0x6f _build/nrf52832_xxaa_ble_dis.c.o
 .comment       0x0000006e       0x6f _build/nrf52832_xxaa_ble_hrs.c.o
 .comment       0x0000006e       0x6f _build/nrf52832_xxaa_softdevice_handler.c.o
 .comment       0x0000006e       0x6f _build/nrf52832_xxaa_nrf_drv_saadc.c.o
 .comment       0x0000006e       0x6f _build/nrf52832_xxaa_nrf_drv_timer.c.o
 .comment       0x0000006e       0x6f _build/nrf52832_xxaa_nrf_saadc.c.o
 .comment       0x0000006e       0x6f _build/nrf52832_xxaa_nrf_drv_ppi.c.o

.debug_frame    0x00000000     0x430c
 .debug_frame   0x00000000       0x28 d:/applications/gnu tools arm embedded/5.4 2016q2/bin/../lib/gcc/arm-none-eabi/5.4.1/../../../../arm-none-eabi/lib/armv7e-m/fpu\libc_nano.a(lib_a-exit.o)
 .debug_frame   0x00000028       0x2c d:/applications/gnu tools arm embedded/5.4 2016q2/bin/../lib/gcc/arm-none-eabi/5.4.1/../../../../arm-none-eabi/lib/armv7e-m/fpu\libc_nano.a(lib_a-init.o)
 .debug_frame   0x00000054       0x20 d:/applications/gnu tools arm embedded/5.4 2016q2/bin/../lib/gcc/arm-none-eabi/5.4.1/../../../../arm-none-eabi/lib/armv7e-m/fpu\libc_nano.a(lib_a-memset.o)
 .debug_frame   0x00000074       0x20 d:/applications/gnu tools arm embedded/5.4 2016q2/bin/../lib/gcc/arm-none-eabi/5.4.1/../../../../arm-none-eabi/lib/armv7e-m/fpu\libnosys.a(_exit.o)
 .debug_frame   0x00000094       0xec _build/nrf52832_xxaa_nrf_log_backend_serial.c.o
 .debug_frame   0x00000180      0x294 _build/nrf52832_xxaa_nrf_log_frontend.c.o
 .debug_frame   0x00000414       0xe0 _build/nrf52832_xxaa_app_button.c.o
 .debug_frame   0x000004f4       0x70 _build/nrf52832_xxaa_app_error.c.o
 .debug_frame   0x00000564       0x28 _build/nrf52832_xxaa_app_error_weak.c.o
 .debug_frame   0x0000058c      0x144 _build/nrf52832_xxaa_app_timer.c.o
 .debug_frame   0x000006d0       0x74 _build/nrf52832_xxaa_app_util_platform.c.o
 .debug_frame   0x00000744      0x400 _build/nrf52832_xxaa_fds.c.o
 .debug_frame   0x00000b44      0x17c _build/nrf52832_xxaa_fstorage.c.o
 .debug_frame   0x00000cc0       0xa0 _build/nrf52832_xxaa_sdk_mapped_flags.c.o
 .debug_frame   0x00000d60      0x104 _build/nrf52832_xxaa_boards.c.o
 .debug_frame   0x00000e64      0x1f8 _build/nrf52832_xxaa_nrf_drv_clock.c.o
 .debug_frame   0x0000105c       0x3c _build/nrf52832_xxaa_nrf_drv_common.c.o
 .debug_frame   0x00001098      0x25c _build/nrf52832_xxaa_nrf_drv_gpiote.c.o
 .debug_frame   0x000012f4      0x1b0 _build/nrf52832_xxaa_nrf_drv_uart.c.o
 .debug_frame   0x000014a4      0x1ec _build/nrf52832_xxaa_bsp.c.o
 .debug_frame   0x00001690       0x60 _build/nrf52832_xxaa_bsp_btn_ble.c.o
 .debug_frame   0x000016f0      0x258 _build/nrf52832_xxaa_main.c.o
 .debug_frame   0x00001948       0xc0 _build/nrf52832_xxaa_ble_lbs.c.o
 .debug_frame   0x00001a08      0x2d8 _build/nrf52832_xxaa_SEGGER_RTT.c.o
 .debug_frame   0x00001ce0      0x100 _build/nrf52832_xxaa_ble_advdata.c.o
 .debug_frame   0x00001de0      0x164 _build/nrf52832_xxaa_ble_advertising.c.o
 .debug_frame   0x00001f44      0x138 _build/nrf52832_xxaa_ble_conn_params.c.o
 .debug_frame   0x0000207c      0x1f8 _build/nrf52832_xxaa_ble_conn_state.c.o
 .debug_frame   0x00002274       0xcc _build/nrf52832_xxaa_ble_srv_common.c.o
 .debug_frame   0x00002340      0x1b0 _build/nrf52832_xxaa_gatt_cache_manager.c.o
 .debug_frame   0x000024f0      0x16c _build/nrf52832_xxaa_gatts_cache_manager.c.o
 .debug_frame   0x0000265c      0x3b0 _build/nrf52832_xxaa_id_manager.c.o
 .debug_frame   0x00002a0c      0x130 _build/nrf52832_xxaa_nrf_ble_gatt.c.o
 .debug_frame   0x00002b3c      0x1c8 _build/nrf52832_xxaa_peer_data_storage.c.o
 .debug_frame   0x00002d04      0x230 _build/nrf52832_xxaa_peer_database.c.o
 .debug_frame   0x00002f34      0x100 _build/nrf52832_xxaa_peer_id.c.o
 .debug_frame   0x00003034      0x4a0 _build/nrf52832_xxaa_peer_manager.c.o
 .debug_frame   0x000034d4       0xb4 _build/nrf52832_xxaa_pm_buffer.c.o
 .debug_frame   0x00003588       0xb8 _build/nrf52832_xxaa_pm_mutex.c.o
 .debug_frame   0x00003640      0x168 _build/nrf52832_xxaa_security_dispatcher.c.o
 .debug_frame   0x000037a8      0x170 _build/nrf52832_xxaa_security_manager.c.o
 .debug_frame   0x00003918       0x48 _build/nrf52832_xxaa_system_nrf52.c.o
 .debug_frame   0x00003960       0x84 _build/nrf52832_xxaa_ble_dis.c.o
 .debug_frame   0x000039e4      0x15c _build/nrf52832_xxaa_ble_hrs.c.o
 .debug_frame   0x00003b40      0x1d4 _build/nrf52832_xxaa_softdevice_handler.c.o
 .debug_frame   0x00003d14      0x204 _build/nrf52832_xxaa_nrf_drv_saadc.c.o
 .debug_frame   0x00003f18      0x170 _build/nrf52832_xxaa_nrf_drv_timer.c.o
 .debug_frame   0x00004088       0x34 _build/nrf52832_xxaa_nrf_saadc.c.o
 .debug_frame   0x000040bc      0x1b8 _build/nrf52832_xxaa_nrf_drv_ppi.c.o
 .debug_frame   0x00004274       0x28 d:/applications/gnu tools arm embedded/5.4 2016q2/bin/../lib/gcc/arm-none-eabi/5.4.1/../../../../arm-none-eabi/lib/armv7e-m/fpu\libc_nano.a(lib_a-memcmp.o)
 .debug_frame   0x0000429c       0x28 d:/applications/gnu tools arm embedded/5.4 2016q2/bin/../lib/gcc/arm-none-eabi/5.4.1/../../../../arm-none-eabi/lib/armv7e-m/fpu\libc_nano.a(lib_a-memcpy-stub.o)
 .debug_frame   0x000042c4       0x28 d:/applications/gnu tools arm embedded/5.4 2016q2/bin/../lib/gcc/arm-none-eabi/5.4.1/../../../../arm-none-eabi/lib/armv7e-m/fpu\libc_nano.a(lib_a-memmove.o)
 .debug_frame   0x000042ec       0x20 d:/applications/gnu tools arm embedded/5.4 2016q2/bin/../lib/gcc/arm-none-eabi/5.4.1/../../../../arm-none-eabi/lib/armv7e-m/fpu\libc_nano.a(lib_a-strcpy.o)

.debug_info     0x00000000    0x4cdbe
 .debug_info    0x00000000     0x16f5 _build/nrf52832_xxaa_nrf_log_backend_serial.c.o
 .debug_info    0x000016f5     0x1560 _build/nrf52832_xxaa_nrf_log_frontend.c.o
 .debug_info    0x00002c55      0x623 _build/nrf52832_xxaa_app_button.c.o
 .debug_info    0x00003278      0x3a0 _build/nrf52832_xxaa_app_error.c.o
 .debug_info    0x00003618      0x41c _build/nrf52832_xxaa_app_error_weak.c.o
 .debug_info    0x00003a34     0x1bc2 _build/nrf52832_xxaa_app_timer.c.o
 .debug_info    0x000055f6      0x644 _build/nrf52832_xxaa_app_util_platform.c.o
 .debug_info    0x00005c3a     0x383c _build/nrf52832_xxaa_fds.c.o
 .debug_info    0x00009476     0x129c _build/nrf52832_xxaa_fstorage.c.o
 .debug_info    0x0000a712      0x536 _build/nrf52832_xxaa_sdk_mapped_flags.c.o
 .debug_info    0x0000ac48      0xbf8 _build/nrf52832_xxaa_boards.c.o
 .debug_info    0x0000b840     0x1735 _build/nrf52832_xxaa_nrf_drv_clock.c.o
 .debug_info    0x0000cf75      0x6c4 _build/nrf52832_xxaa_nrf_drv_common.c.o
 .debug_info    0x0000d639     0x27a3 _build/nrf52832_xxaa_nrf_drv_gpiote.c.o
 .debug_info    0x0000fddc     0x4344 _build/nrf52832_xxaa_nrf_drv_uart.c.o
 .debug_info    0x00014120     0x129d _build/nrf52832_xxaa_bsp.c.o
 .debug_info    0x000153bd     0x176d _build/nrf52832_xxaa_bsp_btn_ble.c.o
 .debug_info    0x00016b2a     0x5a54 _build/nrf52832_xxaa_main.c.o
 .debug_info    0x0001c57e     0x1de6 _build/nrf52832_xxaa_ble_lbs.c.o